Component: Arm Compiler for Embedded 6.19 Tool: armlink [5e73cb00]

==============================================================================

Section Cross References

    startup.o(STACK) refers (Special) to heapauxi.o(.text) for __use_two_region_memory
    startup.o(HEAP) refers (Special) to heapauxi.o(.text) for __use_two_region_memory
    startup.o(RESET) refers (Special) to heapauxi.o(.text) for __use_two_region_memory
    startup.o(RESET) refers to startup.o(STACK) for StackMem
    startup.o(RESET) refers to __main.o(!!!main) for __main
    startup.o(.text) refers (Special) to heapauxi.o(.text) for __use_two_region_memory
    startup.o(.text) refers to startup.o(HEAP) for HeapMem
    startup.o(.text) refers to startup.o(STACK) for StackMem
    i2ctestmain.o(.text.main) refers to uart0.o(.text.UART0_Init) for UART0_Init
    i2ctestmain.o(.text.main) refers to buttonled.o(.text.LED_Init) for LED_Init
    i2ctestmain.o(.text.main) refers to buttonled.o(.text.BTN_Init) for BTN_Init
    i2ctestmain.o(.text.main) refers to util.o(.text.WTIMER0_Init) for WTIMER0_Init
    i2ctestmain.o(.text.main) refers to i2c.o(.text.I2C0_Init) for I2C0_Init
    i2ctestmain.o(.text.main) refers to tcs34727.o(.text.TCS34727_Init) for TCS34727_Init
    i2ctestmain.o(.text.main) refers to moduletest.o(.text.Module_Test) for Module_Test
    i2ctestmain.o(.ARM.exidx.text.main) refers to i2ctestmain.o(.text.main) for [Anonymous Symbol]
    i2c.o(.ARM.exidx.text.I2C0_Init) refers to i2c.o(.text.I2C0_Init) for [Anonymous Symbol]
    i2c.o(.ARM.exidx.text.I2C0_Receive) refers to i2c.o(.text.I2C0_Receive) for [Anonymous Symbol]
    i2c.o(.ARM.exidx.text.I2C0_Transmit) refers to i2c.o(.text.I2C0_Transmit) for [Anonymous Symbol]
    i2c.o(.ARM.exidx.text.I2C0_Burst_Receive) refers to i2c.o(.text.I2C0_Burst_Receive) for [Anonymous Symbol]
    i2c.o(.ARM.exidx.text.I2C0_Burst_Transmit) refers to i2c.o(.text.I2C0_Burst_Transmit) for [Anonymous Symbol]
    uart0.o(.ARM.exidx.text.UART0_Init) refers to uart0.o(.text.UART0_Init) for [Anonymous Symbol]
    uart0.o(.text.UART0_OutCRLF) refers to uart0.o(.text.UART0_OutChar) for UART0_OutChar
    uart0.o(.ARM.exidx.text.UART0_OutCRLF) refers to uart0.o(.text.UART0_OutCRLF) for [Anonymous Symbol]
    uart0.o(.ARM.exidx.text.UART0_OutChar) refers to uart0.o(.text.UART0_OutChar) for [Anonymous Symbol]
    uart0.o(.ARM.exidx.text.UART0_InChar) refers to uart0.o(.text.UART0_InChar) for [Anonymous Symbol]
    uart0.o(.text.UART0_OutString) refers to uart0.o(.text.UART0_OutChar) for UART0_OutChar
    uart0.o(.ARM.exidx.text.UART0_OutString) refers to uart0.o(.text.UART0_OutString) for [Anonymous Symbol]
    uart0.o(.text.UART0_InString) refers to uart0.o(.text.UART0_InChar) for UART0_InChar
    uart0.o(.text.UART0_InString) refers to uart0.o(.text.UART0_OutChar) for UART0_OutChar
    uart0.o(.ARM.exidx.text.UART0_InString) refers to uart0.o(.text.UART0_InString) for [Anonymous Symbol]
    buttonled.o(.ARM.exidx.text.LED_Init) refers to buttonled.o(.text.LED_Init) for [Anonymous Symbol]
    buttonled.o(.ARM.exidx.text.BTN_Init) refers to buttonled.o(.text.BTN_Init) for [Anonymous Symbol]
    util.o(.ARM.exidx.text.WTIMER0_Init) refers to util.o(.text.WTIMER0_Init) for [Anonymous Symbol]
    util.o(.ARM.exidx.text.DELAY_1MS) refers to util.o(.text.DELAY_1MS) for [Anonymous Symbol]
    util.o(.ARM.exidx.text.map) refers to util.o(.text.map) for [Anonymous Symbol]
    mpu6050.o(.text.MPU6050_Init) refers to i2c.o(.text.I2C0_Receive) for I2C0_Receive
    mpu6050.o(.text.MPU6050_Init) refers to mpu6050.o(.rodata.str1.1) for .L.str
    mpu6050.o(.text.MPU6050_Init) refers to uart0.o(.text.UART0_OutString) for UART0_OutString
    mpu6050.o(.text.MPU6050_Init) refers to sprintf.o(.text) for sprintf
    mpu6050.o(.text.MPU6050_Init) refers to i2c.o(.text.I2C0_Transmit) for I2C0_Transmit
    mpu6050.o(.ARM.exidx.text.MPU6050_Init) refers to mpu6050.o(.text.MPU6050_Init) for [Anonymous Symbol]
    mpu6050.o(.ARM.exidx.text.MPU6050_Get_Accel) refers to mpu6050.o(.text.MPU6050_Get_Accel) for [Anonymous Symbol]
    mpu6050.o(.ARM.exidx.text.MPU6050_Get_Gyro) refers to mpu6050.o(.text.MPU6050_Get_Gyro) for [Anonymous Symbol]
    mpu6050.o(.text.MPU6050_Process_Accel) refers to i2c.o(.text.I2C0_Receive) for I2C0_Receive
    mpu6050.o(.text.MPU6050_Process_Accel) refers to fflt_clz.o(x$fpl$fflt) for __aeabi_i2f
    mpu6050.o(.text.MPU6050_Process_Accel) refers to f2d.o(x$fpl$f2d) for __aeabi_f2d
    mpu6050.o(.text.MPU6050_Process_Accel) refers to ddiv.o(x$fpl$ddiv) for __aeabi_ddiv
    mpu6050.o(.text.MPU6050_Process_Accel) refers to d2f.o(x$fpl$d2f) for __aeabi_d2f
    mpu6050.o(.ARM.exidx.text.MPU6050_Process_Accel) refers to mpu6050.o(.text.MPU6050_Process_Accel) for [Anonymous Symbol]
    mpu6050.o(.text.MPU6050_Process_Gyro) refers to i2c.o(.text.I2C0_Receive) for I2C0_Receive
[...]
    util.c                                   0x00000000   Number         0  util.o ABSOLUTE
    RESET                                    0x00000000   Section      644  startup.o(RESET)
    !!!main                                  0x00000284   Section        8  __main.o(!!!main)
    !!!scatter                               0x0000028c   Section       52  __scatter.o(!!!scatter)
    !!handler_zi                             0x000002c0   Section       28  __scatter_zi.o(!!handler_zi)
    .ARM.Collect$$_printf_percent$$00000000  0x000002dc   Section        0  _printf_percent.o(.ARM.Collect$$_printf_percent$$00000000)
    .ARM.Collect$$_printf_percent$$00000001  0x000002dc   Section        6  _printf_n.o(.ARM.Collect$$_printf_percent$$00000001)
    .ARM.Collect$$_printf_percent$$00000002  0x000002e2   Section        6  _printf_p.o(.ARM.Collect$$_printf_percent$$00000002)
    .ARM.Collect$$_printf_percent$$00000003  0x000002e8   Section        6  _printf_f.o(.ARM.Collect$$_printf_percent$$00000003)
    .ARM.Collect$$_printf_percent$$00000004  0x000002ee   Section        6  _printf_e.o(.ARM.Collect$$_printf_percent$$00000004)
    .ARM.Collect$$_printf_percent$$00000005  0x000002f4   Section        6  _printf_g.o(.ARM.Collect$$_printf_percent$$00000005)
    .ARM.Collect$$_printf_percent$$00000006  0x000002fa   Section        6  _printf_a.o(.ARM.Collect$$_printf_percent$$00000006)
    .ARM.Collect$$_printf_percent$$00000007  0x00000300   Section       10  _printf_ll.o(.ARM.Collect$$_printf_percent$$00000007)
    .ARM.Collect$$_printf_percent$$00000008  0x0000030a   Section        6  _printf_i.o(.ARM.Collect$$_printf_percent$$00000008)
    .ARM.Collect$$_printf_percent$$00000009  0x00000310   Section        6  _printf_d.o(.ARM.Collect$$_printf_percent$$00000009)
    .ARM.Collect$$_printf_percent$$0000000A  0x00000316   Section        6  _printf_u.o(.ARM.Collect$$_printf_percent$$0000000A)
    .ARM.Collect$$_printf_percent$$0000000B  0x0000031c   Section        6  _printf_o.o(.ARM.Collect$$_printf_percent$$0000000B)
    .ARM.Collect$$_printf_percent$$0000000C  0x00000322   Section        6  _printf_x.o(.ARM.Collect$$_printf_percent$$0000000C)
    .ARM.Collect$$_printf_percent$$0000000D  0x00000328   Section        6  _printf_lli.o(.ARM.Collect$$_printf_percent$$0000000D)
    .ARM.Collect$$_printf_percent$$0000000E  0x0000032e   Section        6  _printf_lld.o(.ARM.Collect$$_printf_percent$$0000000E)
    .ARM.Collect$$_printf_percent$$0000000F  0x00000334   Section        6  _printf_llu.o(.ARM.Collect$$_printf_percent$$0000000F)
    .ARM.Collect$$_printf_percent$$00000010  0x0000033a   Section        6  _printf_llo.o(.ARM.Collect$$_printf_percent$$00000010)
    .ARM.Collect$$_printf_percent$$00000011  0x00000340   Section        6  _printf_llx.o(.ARM.Collect$$_printf_percent$$00000011)
    .ARM.Collect$$_printf_percent$$00000012  0x00000346   Section       10  _printf_l.o(.ARM.Collect$$_printf_percent$$00000012)
    .ARM.Collect$$_printf_percent$$00000013  0x00000350   Section        6  _printf_c.o(.ARM.Collect$$_printf_percent$$00000013)
    .ARM.Collect$$_printf_percent$$00000014  0x00000356   Section        6  _printf_s.o(.ARM.Collect$$_printf_percent$$00000014)
    .ARM.Collect$$_printf_percent$$00000015  0x0000035c   Section        6  _printf_lc.o(.ARM.Collect$$_printf_percent$$00000015)
    .ARM.Collect$$_printf_percent$$00000016  0x00000362   Section        6  _printf_ls.o(.ARM.Collect$$_printf_percent$$00000016)
    .ARM.Collect$$_printf_percent$$00000017  0x00000368   Section        4  _printf_percent_end.o(.ARM.Collect$$_printf_percent$$00000017)
    .ARM.Collect$$libinit$$00000000          0x0000036c   Section        2  libinit.o(.ARM.Collect$$libinit$$00000000)
    .ARM.Collect$$libinit$$00000002          0x0000036e   Section        0  libinit2.o(.ARM.Collect$$libinit$$00000002)
    .ARM.Collect$$libinit$$00000004          0x0000036e   Section        0  libinit2.o(.ARM.Collect$$libinit$$00000004)
    .ARM.Collect$$libinit$$00000006          0x0000036e   Section        0  libinit2.o(.ARM.Collect$$libinit$$00000006)
    .ARM.Collect$$libinit$$0000000C          0x0000036e   Section        0  libinit2.o(.ARM.Collect$$libinit$$0000000C)
    .ARM.Collect$$libinit$$0000000E          0x0000036e   Section        0  libinit2.o(.ARM.Collect$$libinit$$0000000E)
    .ARM.Collect$$libinit$$00000010          0x0000036e   Section        0  libinit2.o(.ARM.Collect$$libinit$$00000010)
    .ARM.Collect$$libinit$$00000011          0x0000036e   Section        6  libinit2.o(.ARM.Collect$$libinit$$00000011)
    .ARM.Collect$$libinit$$00000013          0x00000374   Section        0  libinit2.o(.ARM.Collect$$libinit$$00000013)
    .ARM.Collect$$libinit$$00000014          0x00000374   Section       12  libinit2.o(.ARM.Collect$$libinit$$00000014)
    .ARM.Collect$$libinit$$00000015          0x00000380   Section        0  libinit2.o(.ARM.Collect$$libinit$$00000015)
    .ARM.Collect$$libinit$$00000017          0x00000380   Section        0  libinit2.o(.ARM.Collect$$libinit$$00000017)
    .ARM.Collect$$libinit$$00000018          0x00000380   Section       10  libinit2.o(.ARM.Collect$$libinit$$00000018)
    .ARM.Collect$$libinit$$00000019          0x0000038a   Section        0  libinit2.o(.ARM.Collect$$libinit$$00000019)
    .ARM.Collect$$libinit$$0000001B          0x0000038a   Section        0  libinit2.o(.ARM.Collect$$libinit$$0000001B)
    .ARM.Collect$$libinit$$0000001D          0x0000038a   Section        0  libinit2.o(.ARM.Collect$$libinit$$0000001D)
    .ARM.Collect$$libinit$$0000001F          0x0000038a   Section        0  libinit2.o(.ARM.Collect$$libinit$$0000001F)
    .ARM.Collect$$libinit$$00000021          0x0000038a   Section        0  libinit2.o(.ARM.Collect$$libinit$$00000021)
    .ARM.Collect$$libinit$$00000023          0x0000038a   Section        0  libinit2.o(.ARM.Collect$$libinit$$00000023)
    .ARM.Collect$$libinit$$00000025          0x0000038a   Section        0  libinit2.o(.ARM.Collect$$libinit$$00000025)
    .ARM.Collect$$libinit$$00000027          0x0000038a   Section        0  libinit2.o(.ARM.Collect$$libinit$$00000027)
    .ARM.Collect$$libinit$$0000002E          0x0000038a   Section        0  libinit2.o(.ARM.Collect$$libinit$$0000002E)
    .ARM.Collect$$libinit$$00000030          0x0000038a   Section        0  libinit2.o(.ARM.Collect$$libinit$$00000030)
    .ARM.Collect$$libinit$$00000032          0x0000038a   Section        0  libinit2.o(.ARM.Collect$$libinit$$00000032)
    .ARM.Collect$$libinit$$00000034          0x0000038a   Section        0  libinit2.o(.ARM.Collect$$libinit$$00000034)
    .ARM.Collect$$libinit$$00000035          0x0000038a   Section        2  libinit2.o(.ARM.Collect$$libinit$$00000035)
    .ARM.Collect$$libshutdown$$00000000      0x0000038c   Section        2  libshutdown.o(.ARM.Collect$$libshutdown$$00000000)
    .ARM.Collect$$libshutdown$$00000002      0x0000038e   Section        0  libshutdown2.o(.ARM.Collect$$libshutdown$$00000002)
    .ARM.Collect$$libshutdown$$00000004      0x0000038e   Section        0  libshutdown2.o(.ARM.Collect$$libshutdown$$00000004)
    .ARM.Collect$$libshutdown$$00000007      0x0000038e   Section        0  libshutdown2.o(.ARM.Collect$$libshutdown$$00000007)
    .ARM.Collect$$libshutdown$$0000000A      0x0000038e   Section        0  libshutdown2.o(.ARM.Collect$$libshutdown$$0000000A)
    .ARM.Collect$$libshutdown$$0000000C      0x0000038e   Section        0  libshutdown2.o(.ARM.Collect$$libshutdown$$0000000C)
    .ARM.Collect$$libshutdown$$0000000F      0x0000038e   Section        0  libshutdown2.o(.ARM.Collect$$libshutdown$$0000000F)
    .ARM.Collect$$libshutdown$$00000010      0x0000038e   Section        2  libshutdown2.o(.ARM.Collect$$libshutdown$$00000010)
    .ARM.Collect$$rtentry$$00000000          0x00000390   Section        0  __rtentry.o(.ARM.Collect$$rtentry$$00000000)
    .ARM.Collect$$rtentry$$00000002          0x00000390   Section        0  __rtentry2.o(.ARM.Collect$$rtentry$$00000002)
    .ARM.Collect$$rtentry$$00000004          0x00000390   Section        6  __rtentry4.o(.ARM.Collect$$rtentry$$00000004)
    .ARM.Collect$$rtentry$$00000009          0x00000396   Section        0  __rtentry2.o(.ARM.Collect$$rtentry$$00000009)
    .ARM.Collect$$rtentry$$0000000A          0x00000396   Section        4  __rtentry2.o(.ARM.Collect$$rtentry$$0000000A)
    .ARM.Collect$$rtentry$$0000000C          0x0000039a   Section        0  __rtentry2.o(.ARM.Collect$$rtentry$$0000000C)
    .ARM.Collect$$rtentry$$0000000D          0x0000039a   Section        8  __rtentry2.o(.ARM.Collect$$rtentry$$0000000D)
    .ARM.Collect$$rtexit$$00000000           0x000003a2   Section        2  rtexit.o(.ARM.Collect$$rtexit$$00000000)
    .ARM.Collect$$rtexit$$00000002           0x000003a4   Section        0  rtexit2.o(.ARM.Collect$$rtexit$$00000002)
    .ARM.Collect$$rtexit$$00000003           0x000003a4   Section        4  rtexit2.o(.ARM.Collect$$rtexit$$00000003)
    .ARM.Collect$$rtexit$$00000004           0x000003a8   Section        6  rtexit2.o(.ARM.Collect$$rtexit$$00000004)
    .text                                    0x000003b0   Section       48  startup.o(.text)
    .text                                    0x000003e0   Section        0  sprintf.o(.text)
    .text                                    0x0000040c   Section        0  strcpy.o(.text)
    .text                                    0x00000454   Section        0  heapauxi.o(.text)
    .text                                    0x0000045a   Section        0  _printf_pad.o(.text)
    .text                                    0x000004a8   Section        0  _printf_truncate.o(.text)
    .text                                    0x000004cc   Section        0  _printf_str.o(.text)
    .text                                    0x00000520   Section        0  _printf_dec.o(.text)
    .text                                    0x00000598   Section        0  _printf_charcount.o(.text)
    _printf_input_char                       0x000005c1   Thumb Code    10  _printf_char_common.o(.text)
    .text                                    0x000005c0   Section        0  _printf_char_common.o(.text)
    .text                                    0x000005f0   Section        0  _sputc.o(.text)
    .text                                    0x000005fc   Section        0  _printf_wctomb.o(.text)
    .text                                    0x000006b8   Section        0  _printf_longlong_dec.o(.text)
    _printf_longlong_oct_internal            0x00000735   Thumb Code     0  _printf_oct_int_ll.o(.text)
    .text                                    0x00000734   Section        0  _printf_oct_int_ll.o(.text)
    _printf_hex_common                       0x000007a5   Thumb Code     0  _printf_hex_int_ll_ptr.o(.text)
    .text                                    0x000007a4   Section        0  _printf_hex_int_ll_ptr.o(.text)
    .text                                    0x00000838   Section        0  __printf_flags_ss_wp.o(.text)
    .text                                    0x000009c0   Section      138  lludiv10.o(.text)
    .text                                    0x00000a4a   Section        0  _printf_intcommon.o(.text)
    _fp_digits                               0x00000afd   Thumb Code   432  _printf_fp_dec.o(.text)
    .text                                    0x00000afc   Section        0  _printf_fp_dec.o(.text)
    .text                                    0x00000f18   Section        0  _printf_fp_hex.o(.text)
    .text                                    0x00001214   Section        0  _printf_char.o(.text)
    .text                                    0x00001240   Section        0  _printf_wchar.o(.text)
    .text                                    0x0000126c   Section        0  _c16rtomb.o(.text)
    .text                                    0x000012b4   Section       74  sys_stackheap_outer.o(.text)
    .text                                    0x00001300   Section       16  rt_ctype_table.o(.text)
    .text                                    0x00001310   Section        8  rt_locale_intlibspace.o(.text)
    .text                                    0x00001318   Section        0  _printf_fp_infnan.o(.text)
    .text                                    0x00001398   Section        0  bigflt0.o(.text)
    .text                                    0x0000147c   Section        0  exit.o(.text)
    .text                                    0x00001490   Section        8  libspace.o(.text)
    .text                                    0x00001498   Section      124  strcmpv7em.o(.text)
    .text                                    0x00001514   Section        0  sys_exit.o(.text)
    .text                                    0x00001520   Section        2  use_no_semi.o(.text)
    .text                                    0x00001522   Section        0  indicate_semi.o(.text)
    [Anonymous Symbol]                       0x00001524   Section        0  buttonled.o(.text.BTN_Init)
    [Anonymous Symbol]                       0x00001640   Section        0  util.o(.text.DELAY_1MS)
    [Anonymous Symbol]                       0x00001688   Section        0  tcs34727.o(.text.Detect_Color)
    [Anonymous Symbol]                       0x00001710   Section        0  i2c.o(.text.I2C0_Init)
    [Anonymous Symbol]                       0x000017bc   Section        0  i2c.o(.text.I2C0_Receive)
    [Anonymous Symbol]                       0x00001878   Section        0  i2c.o(.text.I2C0_Transmit)
    [Anonymous Symbol]                       0x00001948   Section        0  buttonled.o(.text.LED_Init)
    [Anonymous Symbol]                       0x000019e4   Section        0  moduletest.o(.text.Module_Test)
    [Anonymous Symbol]                       0x00001a30   Section        0  tcs34727.o(.text.TCS34727_GET_RAW_BLUE)
    [Anonymous Symbol]                       0x00001a70   Section        0  tcs34727.o(.text.TCS34727_GET_RAW_CLEAR)
    [Anonymous Symbol]                       0x00001ab0   Section        0  tcs34727.o(.text.TCS34727_GET_RAW_GREEN)
    [Anonymous Symbol]                       0x00001af0   Section        0  tcs34727.o(.text.TCS34727_GET_RAW_RED)
    [Anonymous Symbol]                       0x00001b30   Section        0  tcs34727.o(.text.TCS34727_GET_RGB)
    [Anonymous Symbol]                       0x00001bf4   Section        0  tcs34727.o(.text.TCS34727_Init)
    Test_Full_System                         0x00001d35   Thumb Code   108  moduletest.o(.text.Test_Full_System)
    [Anonymous Symbol]                       0x00001d34   Section        0  moduletest.o(.text.Test_Full_System)
    Test_LCD                                 0x00001da1   Thumb Code     2  moduletest.o(.text.Test_LCD)
    [Anonymous Symbol]                       0x00001da0   Section        0  moduletest.o(.text.Test_LCD)
    Test_MPU6050                             0x00001da5   Thumb Code    10  moduletest.o(.text.Test_MPU6050)
    [Anonymous Symbol]                       0x00001da4   Section        0  moduletest.o(.text.Test_MPU6050)
    Test_Servo                               0x00001db1   Thumb Code     2  moduletest.o(.text.Test_Servo)
    [Anonymous Symbol]                       0x00001db0   Section        0  moduletest.o(.text.Test_Servo)
    Test_TCS34727                            0x00001db5   Thumb Code   264  moduletest.o(.text.Test_TCS34727)
    [Anonymous Symbol]                       0x00001db4   Section        0  moduletest.o(.text.Test_TCS34727)
    [Anonymous Symbol]                       0x00001ebc   Section        0  uart0.o(.text.UART0_Init)
    [Anonymous Symbol]                       0x00001f58   Section        0  uart0.o(.text.UART0_OutCRLF)
    [Anonymous Symbol]                       0x00001f68   Section        0  uart0.o(.text.UART0_OutChar)
    [Anonymous Symbol]                       0x00001f98   Section        0  uart0.o(.text.UART0_OutString)
    [Anonymous Symbol]                       0x00001fc0   Section        0  util.o(.text.WTIMER0_Init)
    [Anonymous Symbol]                       0x00002024   Section        0  i2ctestmain.o(.text.main)
    CL$$btod_d2e                             0x0000205a   Section       62  btod.o(CL$$btod_d2e)
    CL$$btod_d2e_denorm_low                  0x00002098   Section       70  btod.o(CL$$btod_d2e_denorm_low)
    CL$$btod_d2e_norm_op1                    0x000020de   Section       96  btod.o(CL$$btod_d2e_norm_op1)
    CL$$btod_div_common                      0x00002140   Section      824  btod.o(CL$$btod_div_common)
    CL$$btod_e2e                             0x00002478   Section      220  btod.o(CL$$btod_e2e)
    CL$$btod_ediv                            0x00002554   Section       42  btod.o(CL$$btod_ediv)
    CL$$btod_emul                            0x0000257e   Section       42  btod.o(CL$$btod_emul)
    CL$$btod_mult_common                     0x000025a8   Section      580  btod.o(CL$$btod_mult_common)
    i.__ARM_fpclassify                       0x000027ec   Section        0  fpclassify.o(i.__ARM_fpclassify)
    i._is_digit                              0x00002814   Section        0  __printf_wp.o(i._is_digit)
    locale$$code                             0x00002824   Section       44  lc_numeric_c.o(locale$$code)
    locale$$code                             0x00002850   Section       44  lc_ctype_c.o(locale$$code)
    x$fpl$d2f                                0x0000287c   Section       98  d2f.o(x$fpl$d2f)
    x$fpl$dmul                               0x000028e0   Section      340  dmul.o(x$fpl$dmul)
    x$fpl$dnaninf                            0x00002a34   Section      156  dnaninf.o(x$fpl$dnaninf)
    x$fpl$dretinf                            0x00002ad0   Section       12  dretinf.o(x$fpl$dretinf)
    x$fpl$f2d                                0x00002adc   Section       86  f2d.o(x$fpl$f2d)
    x$fpl$fcmp                               0x00002b32   Section       84  fcmp.o(x$fpl$fcmp)
    x$fpl$fcmpinf                            0x00002b86   Section       24  fcmpi.o(x$fpl$fcmpinf)
    _fdiv1                                   0x00002ba1   Thumb Code     0  fdiv.o(x$fpl$fdiv)
    x$fpl$fdiv                               0x00002ba0   Section      388  fdiv.o(x$fpl$fdiv)
    x$fpl$feqf                               0x00002d24   Section      104  feqf.o(x$fpl$feqf)
    x$fpl$ffltu                              0x00002d8c   Section       38  fflt_clz.o(x$fpl$ffltu)
    x$fpl$fgeqf                              0x00002db4   Section      104  fgeqf.o(x$fpl$fgeqf)
    x$fpl$fleqf                              0x00002e1c   Section      104  fleqf.o(x$fpl$fleqf)
    x$fpl$fnaninf                            0x00002e84   Section      140  fnaninf.o(x$fpl$fnaninf)
    x$fpl$fretinf                            0x00002f10   Section       10  fretinf.o(x$fpl$fretinf)
    x$fpl$printf1                            0x00002f1a   Section        4  printf1.o(x$fpl$printf1)
    x$fpl$printf2                            0x00002f1e   Section        4  printf2.o(x$fpl$printf2)
    x$fpl$usenofp                            0x00002f22   Section        0  usenofp.o(x$fpl$usenofp)
    initial_mbstate                          0x00002f24   Data           8  _printf_wctomb.o(.constdata)
    .constdata                               0x00002f24   Section        8  _printf_wctomb.o(.constdata)
    uc_hextab                                0x00002f2c   Data          20  _printf_hex_int_ll_ptr.o(.constdata)
    .constdata                               0x00002f2c   Section       40  _printf_hex_int_ll_ptr.o(.constdata)
    lc_hextab                                0x00002f40   Data          20  _printf_hex_int_ll_ptr.o(.constdata)
    maptable                                 0x00002f54   Data          17  __printf_flags_ss_wp.o(.constdata)
    .constdata                               0x00002f54   Section       17  __printf_flags_ss_wp.o(.constdata)
    lc_hextab                                0x00002f65   Data          19  _printf_fp_hex.o(.constdata)
    .constdata                               0x00002f65   Section       38  _printf_fp_hex.o(.constdata)
    uc_hextab                                0x00002f78   Data          19  _printf_fp_hex.o(.constdata)
    tenpwrs_x                                0x00002f8c   Data          60  bigflt0.o(.constdata)
    .constdata                               0x00002f8c   Section      148  bigflt0.o(.constdata)
    tenpwrs_i                                0x00002fc8   Data          64  bigflt0.o(.constdata)
    .L.str.3                                 0x00003020   Data           2  moduletest.o(.rodata.str1.1)
    [Anonymous Symbol]                       0x00003020   Section        0  moduletest.o(.rodata.str1.1)
    .L.str.4                                 0x00003022   Data           4  moduletest.o(.rodata.str1.1)
    .L.str.1                                 0x00003026   Data           9  moduletest.o(.rodata.str1.1)
    .L.str.2                                 0x0000302f   Data           9  moduletest.o(.rodata.str1.1)
    .L.str                                   0x00003038   Data           9  moduletest.o(.rodata.str1.1)
    .L.str.5                                 0x00003041   Data          12  moduletest.o(.rodata.str1.1)
    .L.str.6                                 0x0000304d   Data           9  moduletest.o(.rodata.str1.1)
    .L.str.2                                 0x00003056   Data          29  tcs34727.o(.rodata.str1.1)
    [Anonymous Symbol]                       0x00003056   Section        0  tcs34727.o(.rodata.str1.1)
    .L.str.1                                 0x00003073   Data          33  tcs34727.o(.rodata.str1.1)
    .L.str.8                                 0x00003094   Data          36  tcs34727.o(.rodata.str1.1)
    .L.str.7                                 0x000030b8   Data          19  tcs34727.o(.rodata.str1.1)
    .L.str.6                                 0x000030cb   Data          20  tcs34727.o(.rodata.str1.1)
    .L.str.4                                 0x000030df   Data          32  tcs34727.o(.rodata.str1.1)
    .L.str.5                                 0x000030ff   Data          20  tcs34727.o(.rodata.str1.1)
    .L.str.3                                 0x00003113   Data          20  tcs34727.o(.rodata.str1.1)
    .L.str                                   0x00003127   Data           9  tcs34727.o(.rodata.str1.1)
    locale$$data                             0x00003140   Section       28  lc_numeric_c.o(locale$$data)
    __lcnum_c_name                           0x00003144   Data           2  lc_numeric_c.o(locale$$data)
    __lcnum_c_start                          0x0000314c   Data           0  lc_numeric_c.o(locale$$data)
    __lcnum_c_point                          0x00003158   Data           0  lc_numeric_c.o(locale$$data)
    __lcnum_c_thousands                      0x0000315a   Data           0  lc_numeric_c.o(locale$$data)
    __lcnum_c_grouping                       0x0000315b   Data           0  lc_numeric_c.o(locale$$data)
    __lcnum_c_end                            0x0000315c   Data           0  lc_numeric_c.o(locale$$data)
    locale$$data                             0x0000315c   Section      272  lc_ctype_c.o(locale$$data)
    __lcctype_c_name                         0x00003160   Data           2  lc_ctype_c.o(locale$$data)
    __lcctype_c_start                        0x00003168   Data           0  lc_ctype_c.o(locale$$data)
    __lcctype_c_end                          0x0000326c   Data           0  lc_ctype_c.o(locale$$data)
    .bss                                     0x20000000   Section       96  libspace.o(.bss)
    angleBuf                                 0x2000006c   Data          20  moduletest.o(.bss.angleBuf)
    [Anonymous Symbol]                       0x2000006c   Section        0  moduletest.o(.bss.angleBuf)
    colorBuf                                 0x20000080   Data          20  moduletest.o(.bss.colorBuf)
    [Anonymous Symbol]                       0x20000080   Section        0  moduletest.o(.bss.colorBuf)
    colorString                              0x20000094   Data           6  moduletest.o(.bss.colorString)
    [Anonymous Symbol]                       0x20000094   Section        0  moduletest.o(.bss.colorString)
    HeapMem                                  0x200000a0   Data           0  startup.o(HEAP)
    StackMem                                 0x200000a0   Data           0  startup.o(STACK)
    HEAP                                     0x200000a0   Section        0  startup.o(HEAP)
    STACK                                    0x200000a0   Section     1024  startup.o(STACK)

    Global Symbols

    Symbol Name                              Value     Ov Type        Size  Object(Section)

    BuildAttributes$$THM_ISAv4$E$P$D$K$B$S$7EM$PE$A:L22UL41UL21$X:L11$S22US41US21$IEEE1$IW$~IW$USESV6$~STKCKD$USESV7$~SHL$OTIME$ROPI$IEEEJ$EBA8$UX$STANDARDLIB$REQ8$PRES8$EABIv2 0x00000000   Number         0  anon$$obj.o ABSOLUTE
    __Vectors                                0x00000000   Data           0  startup.o(RESET)
    __fp_init_empty                          0x00000000   Number         0  fpinit_empty.o ABSOLUTE
    _printf_flags                            0x00000000   Number         0  printf_stubs.o ABSOLUTE
    _printf_return_value                     0x00000000   Number         0  printf_stubs.o ABSOLUTE
    _printf_sizespec                         0x00000000   Number         0  printf_stubs.o ABSOLUTE
    _printf_widthprec                        0x00000000   Number         0  printf_stubs.o ABSOLUTE
    __ARM_exceptions_init                     - Undefined Weak Reference
    __alloca_initialize                       - Undefined Weak Reference
    __arm_preinit_                            - Undefined Weak Reference
    __arm_relocate_pie_                       - Undefined Weak Reference
    __cpp_initialize__aeabi_                  - Undefined Weak Reference
    __cxa_finalize                            - Undefined Weak Reference
    __sigvec_lookup                           - Undefined Weak Reference
    _atexit_init                              - Undefined Weak Reference
    _call_atexit_fns                          - Undefined Weak Reference
    _clock_init                               - Undefined Weak Reference
    _fp_trap_init                             - Undefined Weak Reference
    _fp_trap_shutdown                         - Undefined Weak Reference
    _get_lc_collate                           - Undefined Weak Reference
    _get_lc_monetary                          - Undefined Weak Reference
    _get_lc_time                              - Undefined Weak Reference
    _getenv_init                              - Undefined Weak Reference
    _handle_redirection                       - Undefined Weak Reference
    _init_alloc                               - Undefined Weak Reference
    _init_user_alloc                          - Undefined Weak Reference
    _initio                                   - Undefined Weak Reference
    _printf_mbtowc                            - Undefined Weak Reference
    _printf_wc                                - Undefined Weak Reference
    _rand_init                                - Undefined Weak Reference
    _signal_finish                            - Undefined Weak Reference
    _signal_init                              - Undefined Weak Reference
    _terminate_alloc                          - Undefined Weak Reference
    _terminate_user_alloc                     - Undefined Weak Reference
    _terminateio                              - Undefined Weak Reference
    Reset_Handler                            0x0000026d   Thumb Code     0  startup.o(RESET)
    NMI_Handler                              0x00000271   Thumb Code     2  startup.o(RESET)
    HardFault_Handler                        0x00000273   Thumb Code     2  startup.o(RESET)
    MemManage_Handler                        0x00000275   Thumb Code     2  startup.o(RESET)
    BusFault_Handler                         0x00000277   Thumb Code     2  startup.o(RESET)
    UsageFault_Handler                       0x00000279   Thumb Code     2  startup.o(RESET)
    SVC_Handler                              0x0000027b   Thumb Code     2  startup.o(RESET)
    DebugMon_Handler                         0x0000027d   Thumb Code     2  startup.o(RESET)
    PendSV_Handler                           0x0000027f   Thumb Code     2  startup.o(RESET)
    SysTick_Handler                          0x00000281   Thumb Code     2  startup.o(RESET)
    ADC0Seq0_Handler                         0x00000283   Thumb Code     0  startup.o(RESET)
    ADC0Seq1_Handler                         0x00000283   Thumb Code     0  startup.o(RESET)
    ADC0Seq2_Handler                         0x00000283   Thumb Code     0  startup.o(RESET)
    ADC0Seq3_Handler                         0x00000283   Thumb Code     0  startup.o(RESET)
    ADC1Seq0_Handler                         0x00000283   Thumb Code     0  startup.o(RESET)
    ADC1Seq1_Handler                         0x00000283   Thumb Code     0  startup.o(RESET)
    ADC1Seq2_Handler                         0x00000283   Thumb Code     0  startup.o(RESET)
    ADC1Seq3_Handler                         0x00000283   Thumb Code     0  startup.o(RESET)
    CAN0_Handler                             0x00000283   Thumb Code     0  startup.o(RESET)
    CAN1_Handler                             0x00000283   Thumb Code     0  startup.o(RESET)
    CAN2_Handler                             0x00000283   Thumb Code     0  startup.o(RESET)
    Comp0_Handler                            0x00000283   Thumb Code     0  startup.o(RESET)
    Comp1_Handler                            0x00000283   Thumb Code     0  startup.o(RESET)
    Comp2_Handler                            0x00000283   Thumb Code     0  startup.o(RESET)
    Ethernet_Handler                         0x00000283   Thumb Code     0  startup.o(RESET)
    ExtBus_Handler                           0x00000283   Thumb Code     0  startup.o(RESET)
    FPU_Handler                              0x00000283   Thumb Code     0  startup.o(RESET)
    Fan0_Handler                             0x00000283   Thumb Code     0  startup.o(RESET)
    FlashCtl_Handler                         0x00000283   Thumb Code     0  startup.o(RESET)
    GPIOPortA_Handler                        0x00000283   Thumb Code     0  startup.o(RESET)
    GPIOPortB_Handler                        0x00000283   Thumb Code     0  startup.o(RESET)
    GPIOPortC_Handler                        0x00000283   Thumb Code     0  startup.o(RESET)
    GPIOPortD_Handler                        0x00000283   Thumb Code     0  startup.o(RESET)
    GPIOPortE_Handler                        0x00000283   Thumb Code     0  startup.o(RESET)
    GPIOPortF_Handler                        0x00000283   Thumb Code     0  startup.o(RESET)
    GPIOPortG_Handler                        0x00000283   Thumb Code     0  startup.o(RESET)
    GPIOPortH_Handler                        0x00000283   Thumb Code     0  startup.o(RESET)
    GPIOPortJ_Handler                        0x00000283   Thumb Code     0  startup.o(RESET)
    GPIOPortK_Handler                        0x00000283   Thumb Code     0  startup.o(RESET)
    GPIOPortL_Handler                        0x00000283   Thumb Code     0  startup.o(RESET)
    GPIOPortM_Handler                        0x00000283   Thumb Code     0  startup.o(RESET)
    GPIOPortN_Handler                        0x00000283   Thumb Code     0  startup.o(RESET)
    GPIOPortP1_Handler                       0x00000283   Thumb Code     0  startup.o(RESET)
    GPIOPortP2_Handler                       0x00000283   Thumb Code     0  startup.o(RESET)
    GPIOPortP3_Handler                       0x00000283   Thumb Code     0  startup.o(RESET)
    GPIOPortP4_Handler                       0x00000283   Thumb Code     0  startup.o(RESET)
    GPIOPortP5_Handler                       0x00000283   Thumb Code     0  startup.o(RESET)
    GPIOPortP6_Handler                       0x00000283   Thumb Code     0  startup.o(RESET)
    GPIOPortP7_Handler                       0x00000283   Thumb Code     0  startup.o(RESET)
    GPIOPortP_Handler                        0x00000283   Thumb Code     0  startup.o(RESET)
    GPIOPortQ1_Handler                       0x00000283   Thumb Code     0  startup.o(RESET)
    GPIOPortQ2_Handler                       0x00000283   Thumb Code     0  startup.o(RESET)
    GPIOPortQ3_Handler                       0x00000283   Thumb Code     0  startup.o(RESET)
    GPIOPortQ4_Handler                       0x00000283   Thumb Code     0  startup.o(RESET)
    GPIOPortQ5_Handler                       0x00000283   Thumb Code     0  startup.o(RESET)
    GPIOPortQ6_Handler                       0x00000283   Thumb Code     0  startup.o(RESET)
    GPIOPortQ7_Handler                       0x00000283   Thumb Code     0  startup.o(RESET)
    GPIOPortQ_Handler                        0x00000283   Thumb Code     0  startup.o(RESET)
    GPIOPortR_Handler                        0x00000283   Thumb Code     0  startup.o(RESET)
    GPIOPortS_Handler                        0x00000283   Thumb Code     0  startup.o(RESET)
    Hibernate_Handler                        0x00000283   Thumb Code     0  startup.o(RESET)
    I2C0_Handler                             0x00000283   Thumb Code     0  startup.o(RESET)
    I2C1_Handler                             0x00000283   Thumb Code     0  startup.o(RESET)
    I2C2_Handler                             0x00000283   Thumb Code     0  startup.o(RESET)
    I2C3_Handler                             0x00000283   Thumb Code     0  startup.o(RESET)
    I2C4_Handler                             0x00000283   Thumb Code     0  startup.o(RESET)
    I2C5_Handler                             0x00000283   Thumb Code     0  startup.o(RESET)
    I2S0_Handler                             0x00000283   Thumb Code     0  startup.o(RESET)
    LPC0_Handler                             0x00000283   Thumb Code     0  startup.o(RESET)
    PECI0_Handler                            0x00000283   Thumb Code     0  startup.o(RESET)
    PWM0Fault_Handler                        0x00000283   Thumb Code     0  startup.o(RESET)
    PWM0Generator0_Handler                   0x00000283   Thumb Code     0  startup.o(RESET)
    PWM0Generator1_Handler                   0x00000283   Thumb Code     0  startup.o(RESET)
    PWM0Generator2_Handler                   0x00000283   Thumb Code     0  startup.o(RESET)
    PWM0Generator3_Handler                   0x00000283   Thumb Code     0  startup.o(RESET)
    PWM1Fault_Handler                        0x00000283   Thumb Code     0  startup.o(RESET)
    PWM1Generator0_Handler                   0x00000283   Thumb Code     0  startup.o(RESET)
    PWM1Generator1_Handler                   0x00000283   Thumb Code     0  startup.o(RESET)
    PWM1Generator2_Handler                   0x00000283   Thumb Code     0  startup.o(RESET)
    PWM1Generator3_Handler                   0x00000283   Thumb Code     0  startup.o(RESET)
    Quadrature0_Handler                      0x00000283   Thumb Code     0  startup.o(RESET)
    Quadrature1_Handler                      0x00000283   Thumb Code     0  startup.o(RESET)
    Quadrature2_Handler                      0x00000283   Thumb Code     0  startup.o(RESET)
    SSI0_Handler                             0x00000283   Thumb Code     0  startup.o(RESET)
    SSI1_Handler                             0x00000283   Thumb Code     0  startup.o(RESET)
    SSI2_Handler                             0x00000283   Thumb Code     0  startup.o(RESET)
    SSI3_Handler                             0x00000283   Thumb Code     0  startup.o(RESET)
    SysCtl_Handler                           0x00000283   Thumb Code     0  startup.o(RESET)
    Timer0A_Handler                          0x00000283   Thumb Code     0  startup.o(RESET)
    Timer0B_Handler                          0x00000283   Thumb Code     0  startup.o(RESET)
    Timer1A_Handler                          0x00000283   Thumb Code     0  startup.o(RESET)
    Timer1B_Handler                          0x00000283   Thumb Code     0  startup.o(RESET)
    Timer2A_Handler                          0x00000283   Thumb Code     0  startup.o(RESET)
    Timer2B_Handler                          0x00000283   Thumb Code     0  startup.o(RESET)
    Timer3A_Handler                          0x00000283   Thumb Code     0  startup.o(RESET)
    Timer3B_Handler                          0x00000283   Thumb Code     0  startup.o(RESET)
    Timer4A_Handler                          0x00000283   Thumb Code     0  startup.o(RESET)
    Timer4B_Handler                          0x00000283   Thumb Code     0  startup.o(RESET)
    Timer5A_Handler                          0x00000283   Thumb Code     0  startup.o(RESET)
    Timer5B_Handler                          0x00000283   Thumb Code     0  startup.o(RESET)
    UART0_Handler                            0x00000283   Thumb Code     0  startup.o(RESET)
    UART1_Handler                            0x00000283   Thumb Code     0  startup.o(RESET)
    UART2_Handler                            0x00000283   Thumb Code     0  startup.o(RESET)
    UART3_Handler                            0x00000283   Thumb Code     0  startup.o(RESET)
    UART4_Handler                            0x00000283   Thumb Code     0  startup.o(RESET)
    UART5_Handler                            0x00000283   Thumb Code     0  startup.o(RESET)
    UART6_Handler                            0x00000283   Thumb Code     0  startup.o(RESET)
    UART7_Handler                            0x00000283   Thumb Code     0  startup.o(RESET)
    USB0_Handler                             0x00000283   Thumb Code     0  startup.o(RESET)
    WDT_Handler                              0x00000283   Thumb Code     0  startup.o(RESET)
    WideTimer0A_Handler                      0x00000283   Thumb Code     0  startup.o(RESET)
    WideTimer0B_Handler                      0x00000283   Thumb Code     0  startup.o(RESET)
    WideTimer1A_Handler                      0x00000283   Thumb Code     0  startup.o(RESET)
    WideTimer1B_Handler                      0x00000283   Thumb Code     0  startup.o(RESET)
    WideTimer2A_Handler                      0x00000283   Thumb Code     0  startup.o(RESET)
    WideTimer2B_Handler                      0x00000283   Thumb Code     0  startup.o(RESET)
    WideTimer3A_Handler                      0x00000283   Thumb Code     0  startup.o(RESET)
    WideTimer3B_Handler                      0x00000283   Thumb Code     0  startup.o(RESET)
    WideTimer4A_Handler                      0x00000283   Thumb Code     0  startup.o(RESET)
    WideTimer4B_Handler                      0x00000283   Thumb Code     0  startup.o(RESET)
    WideTimer5A_Handler                      0x00000283   Thumb Code     0  startup.o(RESET)
    WideTimer5B_Handler                      0x00000283   Thumb Code     0  startup.o(RESET)
    uDMA_Error                               0x00000283   Thumb Code     0  startup.o(RESET)
    uDMA_Handler                             0x00000283   Thumb Code     0  startup.o(RESET)
    __main                                   0x00000285   Thumb Code     8  __main.o(!!!main)
    __scatterload                            0x0000028d   Thumb Code     0  __scatter.o(!!!scatter)
    __scatterload_rt2                        0x0000028d   Thumb Code    44  __scatter.o(!!!scatter)
    __scatterload_rt2_thumb_only             0x0000028d   Thumb Code     0  __scatter.o(!!!scatter)
    __scatterload_null                       0x0000029b   Thumb Code     0  __scatter.o(!!!scatter)
    __scatterload_zeroinit                   0x000002c1   Thumb Code    28  __scatter_zi.o(!!handler_zi)
    _printf_n                                0x000002dd   Thumb Code     0  _printf_n.o(.ARM.Collect$$_printf_percent$$00000001)
    _printf_percent                          0x000002dd   Thumb Code     0  _printf_percent.o(.ARM.Collect$$_printf_percent$$00000000)
    _printf_p                                0x000002e3   Thumb Code     0  _printf_p.o(.ARM.Collect$$_printf_percent$$00000002)
    _printf_f                                0x000002e9   Thumb Code     0  _printf_f.o(.ARM.Collect$$_printf_percent$$00000003)
    _printf_e                                0x000002ef   Thumb Code     0  _printf_e.o(.ARM.Collect$$_printf_percent$$00000004)
    _printf_g                                0x000002f5   Thumb Code     0  _printf_g.o(.ARM.Collect$$_printf_percent$$00000005)
    _printf_a                                0x000002fb   Thumb Code     0  _printf_a.o(.ARM.Collect$$_printf_percent$$00000006)
    _printf_ll                               0x00000301   Thumb Code     0  _printf_ll.o(.ARM.Collect$$_printf_percent$$00000007)
    _printf_i                                0x0000030b   Thumb Code     0  _printf_i.o(.ARM.Collect$$_printf_percent$$00000008)
    _printf_d                                0x00000311   Thumb Code     0  _printf_d.o(.ARM.Collect$$_printf_percent$$00000009)
    _printf_u                                0x00000317   Thumb Code     0  _printf_u.o(.ARM.Collect$$_printf_percent$$0000000A)
    _printf_o                                0x0000031d   Thumb Code     0  _printf_o.o(.ARM.Collect$$_printf_percent$$0000000B)
    _printf_x                                0x00000323   Thumb Code     0  _printf_x.o(.ARM.Collect$$_printf_percent$$0000000C)
    _printf_lli                              0x00000329   Thumb Code     0  _printf_lli.o(.ARM.Collect$$_printf_percent$$0000000D)
    _printf_lld                              0x0000032f   Thumb Code     0  _printf_lld.o(.ARM.Collect$$_printf_percent$$0000000E)
    _printf_llu                              0x00000335   Thumb Code     0  _printf_llu.o(.ARM.Collect$$_printf_percent$$0000000F)
    _printf_llo                              0x0000033b   Thumb Code     0  _printf_llo.o(.ARM.Collect$$_printf_percent$$00000010)
    _printf_llx                              0x00000341   Thumb Code     0  _printf_llx.o(.ARM.Collect$$_printf_percent$$00000011)
    _printf_l                                0x00000347   Thumb Code     0  _printf_l.o(.ARM.Collect$$_printf_percent$$00000012)
    _printf_c                                0x00000351   Thumb Code     0  _printf_c.o(.ARM.Collect$$_printf_percent$$00000013)
    _printf_s                                0x00000357   Thumb Code     0  _printf_s.o(.ARM.Collect$$_printf_percent$$00000014)
    _printf_lc                               0x0000035d   Thumb Code     0  _printf_lc.o(.ARM.Collect$$_printf_percent$$00000015)
    _printf_ls                               0x00000363   Thumb Code     0  _printf_ls.o(.ARM.Collect$$_printf_percent$$00000016)
    _printf_percent_end                      0x00000369   Thumb Code     0  _printf_percent_end.o(.ARM.Collect$$_printf_percent$$00000017)
    __rt_lib_init                            0x0000036d   Thumb Code     0  libinit.o(.ARM.Collect$$libinit$$00000000)
    __rt_lib_init_fp_1                       0x0000036f   Thumb Code     0  libinit2.o(.ARM.Collect$$libinit$$00000002)
    __rt_lib_init_heap_1                     0x0000036f   Thumb Code     0  libinit2.o(.ARM.Collect$$libinit$$0000000C)
    __rt_lib_init_lc_common                  0x0000036f   Thumb Code     0  libinit2.o(.ARM.Collect$$libinit$$00000011)
    __rt_lib_init_preinit_1                  0x0000036f   Thumb Code     0  libinit2.o(.ARM.Collect$$libinit$$00000006)
    __rt_lib_init_rand_1                     0x0000036f   Thumb Code     0  libinit2.o(.ARM.Collect$$libinit$$00000010)
    __rt_lib_init_relocate_pie_1             0x0000036f   Thumb Code     0  libinit2.o(.ARM.Collect$$libinit$$00000004)
    __rt_lib_init_user_alloc_1               0x0000036f   Thumb Code     0  libinit2.o(.ARM.Collect$$libinit$$0000000E)
    __rt_lib_init_lc_collate_1               0x00000375   Thumb Code     0  libinit2.o(.ARM.Collect$$libinit$$00000013)
    __rt_lib_init_lc_ctype_2                 0x00000375   Thumb Code     0  libinit2.o(.ARM.Collect$$libinit$$00000014)
    __rt_lib_init_lc_ctype_1                 0x00000381   Thumb Code     0  libinit2.o(.ARM.Collect$$libinit$$00000015)
    __rt_lib_init_lc_monetary_1              0x00000381   Thumb Code     0  libinit2.o(.ARM.Collect$$libinit$$00000017)
    __rt_lib_init_lc_numeric_2               0x00000381   Thumb Code     0  libinit2.o(.ARM.Collect$$libinit$$00000018)
    __rt_lib_init_alloca_1                   0x0000038b   Thumb Code     0  libinit2.o(.ARM.Collect$$libinit$$00000030)
    __rt_lib_init_argv_1                     0x0000038b   Thumb Code     0  libinit2.o(.ARM.Collect$$libinit$$0000002E)
    __rt_lib_init_atexit_1                   0x0000038b   Thumb Code     0  libinit2.o(.ARM.Collect$$libinit$$0000001D)
    __rt_lib_init_clock_1                    0x0000038b   Thumb Code     0  libinit2.o(.ARM.Collect$$libinit$$00000023)
    __rt_lib_init_cpp_1                      0x0000038b   Thumb Code     0  libinit2.o(.ARM.Collect$$libinit$$00000034)
    __rt_lib_init_exceptions_1               0x0000038b   Thumb Code     0  libinit2.o(.ARM.Collect$$libinit$$00000032)
    __rt_lib_init_fp_trap_1                  0x0000038b   Thumb Code     0  libinit2.o(.ARM.Collect$$libinit$$00000021)
    __rt_lib_init_getenv_1                   0x0000038b   Thumb Code     0  libinit2.o(.ARM.Collect$$libinit$$00000025)
    __rt_lib_init_lc_numeric_1               0x0000038b   Thumb Code     0  libinit2.o(.ARM.Collect$$libinit$$00000019)
    __rt_lib_init_lc_time_1                  0x0000038b   Thumb Code     0  libinit2.o(.ARM.Collect$$libinit$$0000001B)
    __rt_lib_init_return                     0x0000038b   Thumb Code     0  libinit2.o(.ARM.Collect$$libinit$$00000035)
    __rt_lib_init_signal_1                   0x0000038b   Thumb Code     0  libinit2.o(.ARM.Collect$$libinit$$0000001F)
    __rt_lib_init_stdio_1                    0x0000038b   Thumb Code     0  libinit2.o(.ARM.Collect$$libinit$$00000027)
    __rt_lib_shutdown                        0x0000038d   Thumb Code     0  libshutdown.o(.ARM.Collect$$libshutdown$$00000000)
    __rt_lib_shutdown_cpp_1                  0x0000038f   Thumb Code     0  libshutdown2.o(.ARM.Collect$$libshutdown$$00000002)
    __rt_lib_shutdown_fp_trap_1              0x0000038f   Thumb Code     0  libshutdown2.o(.ARM.Collect$$libshutdown$$00000007)
    __rt_lib_shutdown_heap_1                 0x0000038f   Thumb Code     0  libshutdown2.o(.ARM.Collect$$libshutdown$$0000000F)
    __rt_lib_shutdown_return                 0x0000038f   Thumb Code     0  libshutdown2.o(.ARM.Collect$$libshutdown$$00000010)
    __rt_lib_shutdown_signal_1               0x0000038f   Thumb Code     0  libshutdown2.o(.ARM.Collect$$libshutdown$$0000000A)
    __rt_lib_shutdown_stdio_1                0x0000038f   Thumb Code     0  libshutdown2.o(.ARM.Collect$$libshutdown$$00000004)
    __rt_lib_shutdown_user_alloc_1           0x0000038f   Thumb Code     0  libshutdown2.o(.ARM.Collect$$libshutdown$$0000000C)
    __rt_entry                               0x00000391   Thumb Code     0  __rtentry.o(.ARM.Collect$$rtentry$$00000000)
    __rt_entry_presh_1                       0x00000391   Thumb Code     0  __rtentry2.o(.ARM.Collect$$rtentry$$00000002)
    __rt_entry_sh                            0x00000391   Thumb Code     0  __rtentry4.o(.ARM.Collect$$rtentry$$00000004)
    __rt_entry_li                            0x00000397   Thumb Code     0  __rtentry2.o(.ARM.Collect$$rtentry$$0000000A)
    __rt_entry_postsh_1                      0x00000397   Thumb Code     0  __rtentry2.o(.ARM.Collect$$rtentry$$00000009)
    __rt_entry_main                          0x0000039b   Thumb Code     0  __rtentry2.o(.ARM.Collect$$rtentry$$0000000D)
    __rt_entry_postli_1                      0x0000039b   Thumb Code     0  __rtentry2.o(.ARM.Collect$$rtentry$$0000000C)
    __rt_exit                                0x000003a3   Thumb Code     0  rtexit.o(.ARM.Collect$$rtexit$$00000000)
    __rt_exit_ls                             0x000003a5   Thumb Code     0  rtexit2.o(.ARM.Collect$$rtexit$$00000003)
    __rt_exit_prels_1                        0x000003a5   Thumb Code     0  rtexit2.o(.ARM.Collect$$rtexit$$00000002)
    __rt_exit_exit                           0x000003a9   Thumb Code     0  rtexit2.o(.ARM.Collect$$rtexit$$00000004)
    DisableInterrupts                        0x000003b1   Thumb Code     0  startup.o(.text)
    EnableInterrupts                         0x000003b5   Thumb Code     0  startup.o(.text)
    StartCritical                            0x000003b9   Thumb Code     0  startup.o(.text)
    EndCritical                              0x000003c1   Thumb Code     0  startup.o(.text)
    WaitForInterrupt                         0x000003c7   Thumb Code     0  startup.o(.text)
    __user_initial_stackheap                 0x000003cb   Thumb Code     0  startup.o(.text)
    sprintf                                  0x000003e1   Thumb Code    38  sprintf.o(.text)
    strcpy                                   0x0000040d   Thumb Code    72  strcpy.o(.text)
    __use_two_region_memory                  0x00000455   Thumb Code     2  heapauxi.o(.text)
    __rt_heap_escrow$2region                 0x00000457   Thumb Code     2  heapauxi.o(.text)
    __rt_heap_expand$2region                 0x00000459   Thumb Code     2  heapauxi.o(.text)
    _printf_pre_padding                      0x0000045b   Thumb Code    44  _printf_pad.o(.text)
    _printf_post_padding                     0x00000487   Thumb Code    34  _printf_pad.o(.text)
    _printf_truncate_signed                  0x000004a9   Thumb Code    18  _printf_truncate.o(.text)
    _printf_truncate_unsigned                0x000004bb   Thumb Code    18  _printf_truncate.o(.text)
    _printf_str                              0x000004cd   Thumb Code    82  _printf_str.o(.text)
    _printf_int_dec                          0x00000521   Thumb Code   104  _printf_dec.o(.text)
    _printf_charcount                        0x00000599   Thumb Code    40  _printf_charcount.o(.text)
    _printf_char_common                      0x000005cb   Thumb Code    32  _printf_char_common.o(.text)
    _sputc                                   0x000005f1   Thumb Code    10  _sputc.o(.text)
    _printf_wctomb                           0x000005fd   Thumb Code   182  _printf_wctomb.o(.text)
    _printf_longlong_dec                     0x000006b9   Thumb Code   108  _printf_longlong_dec.o(.text)
    _printf_longlong_oct                     0x00000735   Thumb Code    68  _printf_oct_int_ll.o(.text)
    _printf_int_oct                          0x00000779   Thumb Code    24  _printf_oct_int_ll.o(.text)
    _printf_ll_oct                           0x00000791   Thumb Code    12  _printf_oct_int_ll.o(.text)
    _printf_longlong_hex                     0x000007a5   Thumb Code    86  _printf_hex_int_ll_ptr.o(.text)
    _printf_int_hex                          0x000007fb   Thumb Code    28  _printf_hex_int_ll_ptr.o(.text)
    _printf_ll_hex                           0x00000817   Thumb Code    12  _printf_hex_int_ll_ptr.o(.text)
    _printf_hex_ptr                          0x00000823   Thumb Code    18  _printf_hex_int_ll_ptr.o(.text)
    __printf                                 0x00000839   Thumb Code   388  __printf_flags_ss_wp.o(.text)
    _ll_udiv10                               0x000009c1   Thumb Code   138  lludiv10.o(.text)
    _printf_int_common                       0x00000a4b   Thumb Code   178  _printf_intcommon.o(.text)
    _printf_fp_dec_real                      0x00000cad   Thumb Code   620  _printf_fp_dec.o(.text)
    _printf_fp_hex_real                      0x00000f19   Thumb Code   756  _printf_fp_hex.o(.text)
    _printf_cs_common                        0x00001215   Thumb Code    20  _printf_char.o(.text)
    _printf_char                             0x00001229   Thumb Code    16  _printf_char.o(.text)
    _printf_string                           0x00001239   Thumb Code     8  _printf_char.o(.text)
    _printf_lcs_common                       0x00001241   Thumb Code    20  _printf_wchar.o(.text)
    _printf_wchar                            0x00001255   Thumb Code    16  _printf_wchar.o(.text)
    _printf_wstring                          0x00001265   Thumb Code     8  _printf_wchar.o(.text)
    _c16rtomb                                0x0000126d   Thumb Code    72  _c16rtomb.o(.text)
    _wcrtomb                                 0x0000126d   Thumb Code     0  _c16rtomb.o(.text)
    __user_setup_stackheap                   0x000012b5   Thumb Code    74  sys_stackheap_outer.o(.text)
    __rt_ctype_table                         0x00001301   Thumb Code    16  rt_ctype_table.o(.text)
    __rt_locale                              0x00001311   Thumb Code     8  rt_locale_intlibspace.o(.text)
    _printf_fp_infnan                        0x00001319   Thumb Code   112  _printf_fp_infnan.o(.text)
    _btod_etento                             0x00001399   Thumb Code   224  bigflt0.o(.text)
    exit                                     0x0000147d   Thumb Code    18  exit.o(.text)
    __user_libspace                          0x00001491   Thumb Code     8  libspace.o(.text)
    __user_perproc_libspace                  0x00001491   Thumb Code     0  libspace.o(.text)
    __user_perthread_libspace                0x00001491   Thumb Code     0  libspace.o(.text)
    strcmp                                   0x00001499   Thumb Code   124  strcmpv7em.o(.text)
    _sys_exit                                0x00001515   Thumb Code     8  sys_exit.o(.text)
    __I$use$semihosting                      0x00001521   Thumb Code     0  use_no_semi.o(.text)
    __use_no_semihosting_swi                 0x00001521   Thumb Code     2  use_no_semi.o(.text)
    __semihosting_library_function           0x00001523   Thumb Code     0  indicate_semi.o(.text)
    BTN_Init                                 0x00001525   Thumb Code   282  buttonled.o(.text.BTN_Init)
    DELAY_1MS                                0x00001641   Thumb Code    72  util.o(.text.DELAY_1MS)
    Detect_Color                             0x00001689   Thumb Code   134  tcs34727.o(.text.Detect_Color)
    I2C0_Init                                0x00001711   Thumb Code   170  i2c.o(.text.I2C0_Init)
    I2C0_Receive                             0x000017bd   Thumb Code   186  i2c.o(.text.I2C0_Receive)
    I2C0_Transmit                            0x00001879   Thumb Code   206  i2c.o(.text.I2C0_Transmit)
    LED_Init                                 0x00001949   Thumb Code   156  buttonled.o(.text.LED_Init)
    Module_Test                              0x000019e5   Thumb Code    74  moduletest.o(.text.Module_Test)
    TCS34727_GET_RAW_BLUE                    0x00001a31   Thumb Code    62  tcs34727.o(.text.TCS34727_GET_RAW_BLUE)
    TCS34727_GET_RAW_CLEAR                   0x00001a71   Thumb Code    62  tcs34727.o(.text.TCS34727_GET_RAW_CLEAR)
    TCS34727_GET_RAW_GREEN                   0x00001ab1   Thumb Code    62  tcs34727.o(.text.TCS34727_GET_RAW_GREEN)
    TCS34727_GET_RAW_RED                     0x00001af1   Thumb Code    62  tcs34727.o(.text.TCS34727_GET_RAW_RED)
    TCS34727_GET_RGB                         0x00001b31   Thumb Code   196  tcs34727.o(.text.TCS34727_GET_RGB)
    TCS34727_Init                            0x00001bf5   Thumb Code   318  tcs34727.o(.text.TCS34727_Init)
    UART0_Init                               0x00001ebd   Thumb Code   156  uart0.o(.text.UART0_Init)
    UART0_OutCRLF                            0x00001f59   Thumb Code    16  uart0.o(.text.UART0_OutCRLF)
    UART0_OutChar                            0x00001f69   Thumb Code    46  uart0.o(.text.UART0_OutChar)
    UART0_OutString                          0x00001f99   Thumb Code    38  uart0.o(.text.UART0_OutString)
    WTIMER0_Init                             0x00001fc1   Thumb Code   100  util.o(.text.WTIMER0_Init)
    main                                     0x00002025   Thumb Code    54  i2ctestmain.o(.text.main)
    _btod_d2e                                0x0000205b   Thumb Code    62  btod.o(CL$$btod_d2e)
    _d2e_denorm_low                          0x00002099   Thumb Code    70  btod.o(CL$$btod_d2e_denorm_low)
    _d2e_norm_op1                            0x000020df   Thumb Code    96  btod.o(CL$$btod_d2e_norm_op1)
    __btod_div_common                        0x00002141   Thumb Code   696  btod.o(CL$$btod_div_common)
    _e2e                                     0x00002479   Thumb Code   220  btod.o(CL$$btod_e2e)
    _btod_ediv                               0x00002555   Thumb Code    42  btod.o(CL$$btod_ediv)
    _btod_emul                               0x0000257f   Thumb Code    42  btod.o(CL$$btod_emul)
    __btod_mult_common                       0x000025a9   Thumb Code   580  btod.o(CL$$btod_mult_common)
    __ARM_fpclassify                         0x000027ed   Thumb Code    40  fpclassify.o(i.__ARM_fpclassify)
    _is_digit                                0x00002815   Thumb Code    14  __printf_wp.o(i._is_digit)
    _get_lc_numeric                          0x00002825   Thumb Code    44  lc_numeric_c.o(locale$$code)
    _get_lc_ctype                            0x00002851   Thumb Code    44  lc_ctype_c.o(locale$$code)
    __aeabi_d2f                              0x0000287d   Thumb Code     0  d2f.o(x$fpl$d2f)
    _d2f                                     0x0000287d   Thumb Code    98  d2f.o(x$fpl$d2f)
    __aeabi_dmul                             0x000028e1   Thumb Code     0  dmul.o(x$fpl$dmul)
    _dmul                                    0x000028e1   Thumb Code   332  dmul.o(x$fpl$dmul)
    __fpl_dnaninf                            0x00002a35   Thumb Code   156  dnaninf.o(x$fpl$dnaninf)
    __fpl_dretinf                            0x00002ad1   Thumb Code    12  dretinf.o(x$fpl$dretinf)
    __aeabi_f2d                              0x00002add   Thumb Code     0  f2d.o(x$fpl$f2d)
    _f2d                                     0x00002add   Thumb Code    86  f2d.o(x$fpl$f2d)
    __aeabi_fcmpeq                           0x00002b33   Thumb Code     0  fcmp.o(x$fpl$fcmp)
    _feq                                     0x00002b33   Thumb Code    14  fcmp.o(x$fpl$fcmp)
    _fneq                                    0x00002b41   Thumb Code    14  fcmp.o(x$fpl$fcmp)
    __aeabi_fcmpgt                           0x00002b4f   Thumb Code     0  fcmp.o(x$fpl$fcmp)
    _fgr                                     0x00002b4f   Thumb Code    14  fcmp.o(x$fpl$fcmp)
    __aeabi_fcmpge                           0x00002b5d   Thumb Code     0  fcmp.o(x$fpl$fcmp)
    _fgeq                                    0x00002b5d   Thumb Code    14  fcmp.o(x$fpl$fcmp)
    __aeabi_fcmple                           0x00002b6b   Thumb Code     0  fcmp.o(x$fpl$fcmp)
    _fleq                                    0x00002b6b   Thumb Code    14  fcmp.o(x$fpl$fcmp)
    __aeabi_fcmplt                           0x00002b79   Thumb Code     0  fcmp.o(x$fpl$fcmp)
    _fls                                     0x00002b79   Thumb Code    14  fcmp.o(x$fpl$fcmp)
    __fpl_fcmp_Inf                           0x00002b87   Thumb Code    24  fcmpi.o(x$fpl$fcmpinf)
    __aeabi_fdiv                             0x00002ba1   Thumb Code     0  fdiv.o(x$fpl$fdiv)
    _fdiv                                    0x00002ba1   Thumb Code   384  fdiv.o(x$fpl$fdiv)
    __aeabi_cfcmpeq                          0x00002d25   Thumb Code     0  feqf.o(x$fpl$feqf)
    _fcmpeq                                  0x00002d25   Thumb Code   104  feqf.o(x$fpl$feqf)
    __aeabi_ui2f                             0x00002d8d   Thumb Code     0  fflt_clz.o(x$fpl$ffltu)
    _ffltu                                   0x00002d8d   Thumb Code    38  fflt_clz.o(x$fpl$ffltu)
    _fcmpge                                  0x00002db5   Thumb Code   104  fgeqf.o(x$fpl$fgeqf)
    __aeabi_cfcmple                          0x00002e1d   Thumb Code     0  fleqf.o(x$fpl$fleqf)
    _fcmple                                  0x00002e1d   Thumb Code   104  fleqf.o(x$fpl$fleqf)
    __fpl_fcmple_InfNaN                      0x00002e6f   Thumb Code     0  fleqf.o(x$fpl$fleqf)
    __fpl_fnaninf                            0x00002e85   Thumb Code   140  fnaninf.o(x$fpl$fnaninf)
    __fpl_fretinf                            0x00002f11   Thumb Code    10  fretinf.o(x$fpl$fretinf)
    _printf_fp_dec                           0x00002f1b   Thumb Code     4  printf1.o(x$fpl$printf1)
    _printf_fp_hex                           0x00002f1f   Thumb Code     4  printf2.o(x$fpl$printf2)
    __I$use$fp                               0x00002f22   Number         0  usenofp.o(x$fpl$usenofp)
    Region$$Table$$Base                      0x00003130   Number         0  anon$$obj.o(Region$$Table)
    Region$$Table$$Limit                     0x00003140   Number         0  anon$$obj.o(Region$$Table)
    __ctype                                  0x00003169   Data           0  lc_ctype_c.o(locale$$data)
    __libspace_start                         0x20000000   Data          96  libspace.o(.bss)
    Angle_Instance                           0x20000060   Data          12  moduletest.o(.bss.Angle_Instance)
    __temporary_stack_top$libspace           0x20000060   Data           0  libspace.o(.bss)



==============================================================================

Memory Map of the image

  Image Entry point : 0x0000026d

  Load Region LR_1 (Base: 0x00000000, Size: 0x0000326c, Max: 0xffffffff, ABSOLUTE)

    Execution Region ER_RO (Exec base: 0x00000000, Load base: 0x00000000, Size: 0x0000326c, Max: 0xffffffff, ABSOLUTE)

    Exec Addr    Load Addr    Size         Type   Attr      Idx    E Section Name        Object

    0x00000000   0x00000000   0x00000284   Code   RO            3  * RESET               startup.o
    0x00000284   0x00000284   0x00000008   Code   RO          194  * !!!main             c_w.l(__main.o)
    0x0000028c   0x0000028c   0x00000034   Code   RO          569    !!!scatter          c_w.l(__scatter.o)
    0x000002c0   0x000002c0   0x0000001c   Code   RO          571    !!handler_zi        c_w.l(__scatter_zi.o)
    0x000002dc   0x000002dc   0x00000000   Code   RO          300    .ARM.Collect$$_printf_percent$$00000000  c_w.l(_printf_percent.o)
    0x000002dc   0x000002dc   0x00000006   Code   RO          289    .ARM.Collect$$_printf_percent$$00000001  c_w.l(_printf_n.o)
    0x000002e2   0x000002e2   0x00000006   Code   RO          291    .ARM.Collect$$_printf_percent$$00000002  c_w.l(_printf_p.o)
    0x000002e8   0x000002e8   0x00000006   Code   RO          296    .ARM.Collect$$_printf_percent$$00000003  c_w.l(_printf_f.o)
    0x000002ee   0x000002ee   0x00000006   Code   RO          297    .ARM.Collect$$_printf_percent$$00000004  c_w.l(_printf_e.o)
    0x000002f4   0x000002f4   0x00000006   Code   RO          298    .ARM.Collect$$_printf_percent$$00000005  c_w.l(_printf_g.o)
    0x000002fa   0x000002fa   0x00000006   Code   RO          299    .ARM.Collect$$_printf_percent$$00000006  c_w.l(_printf_a.o)
    0x00000300   0x00000300   0x0000000a   Code   RO          304    .ARM.Collect$$_printf_percent$$00000007  c_w.l(_printf_ll.o)
    0x0000030a   0x0000030a   0x00000006   Code   RO          293    .ARM.Collect$$_printf_percent$$00000008  c_w.l(_printf_i.o)
    0x00000310   0x00000310   0x00000006   Code   RO          294    .ARM.Collect$$_printf_percent$$00000009  c_w.l(_printf_d.o)
    0x00000316   0x00000316   0x00000006   Code   RO          295    .ARM.Collect$$_printf_percent$$0000000A  c_w.l(_printf_u.o)
    0x0000031c   0x0000031c   0x00000006   Code   RO          292    .ARM.Collect$$_printf_percent$$0000000B  c_w.l(_printf_o.o)
    0x00000322   0x00000322   0x00000006   Code   RO          290    .ARM.Collect$$_printf_percent$$0000000C  c_w.l(_printf_x.o)
    0x00000328   0x00000328   0x00000006   Code   RO          301    .ARM.Collect$$_printf_percent$$0000000D  c_w.l(_printf_lli.o)
    0x0000032e   0x0000032e   0x00000006   Code   RO          302    .ARM.Collect$$_printf_percent$$0000000E  c_w.l(_printf_lld.o)
    0x00000334   0x00000334   0x00000006   Code   RO          303    .ARM.Collect$$_printf_percent$$0000000F  c_w.l(_printf_llu.o)
    0x0000033a   0x0000033a   0x00000006   Code   RO          308    .ARM.Collect$$_printf_percent$$00000010  c_w.l(_printf_llo.o)
    0x00000340   0x00000340   0x00000006   Code   RO          309    .ARM.Collect$$_printf_percent$$00000011  c_w.l(_printf_llx.o)
    0x00000346   0x00000346   0x0000000a   Code   RO          305    .ARM.Collect$$_printf_percent$$00000012  c_w.l(_printf_l.o)
    0x00000350   0x00000350   0x00000006   Code   RO          287    .ARM.Collect$$_printf_percent$$00000013  c_w.l(_printf_c.o)
    0x00000356   0x00000356   0x00000006   Code   RO          288    .ARM.Collect$$_printf_percent$$00000014  c_w.l(_printf_s.o)
    0x0000035c   0x0000035c   0x00000006   Code   RO          306    .ARM.Collect$$_printf_percent$$00000015  c_w.l(_printf_lc.o)
    0x00000362   0x00000362   0x00000006   Code   RO          307    .ARM.Collect$$_printf_percent$$00000016  c_w.l(_printf_ls.o)
    0x00000368   0x00000368   0x00000004   Code   RO          365    .ARM.Collect$$_printf_percent$$00000017  c_w.l(_printf_percent_end.o)
    0x0000036c   0x0000036c   0x00000002   Code   RO          418    .ARM.Collect$$libinit$$00000000  c_w.l(libinit.o)
    0x0000036e   0x0000036e   0x00000000   Code   RO          436    .ARM.Collect$$libinit$$00000002  c_w.l(libinit2.o)
    0x0000036e   0x0000036e   0x00000000   Code   RO          438    .ARM.Collect$$libinit$$00000004  c_w.l(libinit2.o)
    0x0000036e   0x0000036e   0x00000000   Code   RO          440    .ARM.Collect$$libinit$$00000006  c_w.l(libinit2.o)
    0x0000036e   0x0000036e   0x00000000   Code   RO          443    .ARM.Collect$$libinit$$0000000C  c_w.l(libinit2.o)
    0x0000036e   0x0000036e   0x00000000   Code   RO          445    .ARM.Collect$$libinit$$0000000E  c_w.l(libinit2.o)
    0x0000036e   0x0000036e   0x00000000   Code   RO          447    .ARM.Collect$$libinit$$00000010  c_w.l(libinit2.o)
    0x0000036e   0x0000036e   0x00000006   Code   RO          448    .ARM.Collect$$libinit$$00000011  c_w.l(libinit2.o)
    0x00000374   0x00000374   0x00000000   Code   RO          450    .ARM.Collect$$libinit$$00000013  c_w.l(libinit2.o)
    0x00000374   0x00000374   0x0000000c   Code   RO          451    .ARM.Collect$$libinit$$00000014  c_w.l(libinit2.o)
    0x00000380   0x00000380   0x00000000   Code   RO          452    .ARM.Collect$$libinit$$00000015  c_w.l(libinit2.o)
    0x00000380   0x00000380   0x00000000   Code   RO          454    .ARM.Collect$$libinit$$00000017  c_w.l(libinit2.o)
    0x00000380   0x00000380   0x0000000a   Code   RO          455    .ARM.Collect$$libinit$$00000018  c_w.l(libinit2.o)
    0x0000038a   0x0000038a   0x00000000   Code   RO          456    .ARM.Collect$$libinit$$00000019  c_w.l(libinit2.o)
    0x0000038a   0x0000038a   0x00000000   Code   RO          458    .ARM.Collect$$libinit$$0000001B  c_w.l(libinit2.o)
    0x0000038a   0x0000038a   0x00000000   Code   RO          460    .ARM.Collect$$libinit$$0000001D  c_w.l(libinit2.o)
    0x0000038a   0x0000038a   0x00000000   Code   RO          462    .ARM.Collect$$libinit$$0000001F  c_w.l(libinit2.o)
    0x0000038a   0x0000038a   0x00000000   Code   RO          464    .ARM.Collect$$libinit$$00000021  c_w.l(libinit2.o)
    0x0000038a   0x0000038a   0x00000000   Code   RO          466    .ARM.Collect$$libinit$$00000023  c_w.l(libinit2.o)
    0x0000038a   0x0000038a   0x00000000   Code   RO          468    .ARM.Collect$$libinit$$00000025  c_w.l(libinit2.o)
    0x0000038a   0x0000038a   0x00000000   Code   RO          470    .ARM.Collect$$libinit$$00000027  c_w.l(libinit2.o)
    0x0000038a   0x0000038a   0x00000000   Code   RO          474    .ARM.Collect$$libinit$$0000002E  c_w.l(libinit2.o)
    0x0000038a   0x0000038a   0x00000000   Code   RO          476    .ARM.Collect$$libinit$$00000030  c_w.l(libinit2.o)
    0x0000038a   0x0000038a   0x00000000   Code   RO          478    .ARM.Collect$$libinit$$00000032  c_w.l(libinit2.o)
    0x0000038a   0x0000038a   0x00000000   Code   RO          480    .ARM.Collect$$libinit$$00000034  c_w.l(libinit2.o)
    0x0000038a   0x0000038a   0x00000002   Code   RO          481    .ARM.Collect$$libinit$$00000035  c_w.l(libinit2.o)
    0x0000038c   0x0000038c   0x00000002   Code   RO          505    .ARM.Collect$$libshutdown$$00000000  c_w.l(libshutdown.o)
    0x0000038e   0x0000038e   0x00000000   Code   RO          520    .ARM.Collect$$libshutdown$$00000002  c_w.l(libshutdown2.o)
    0x0000038e   0x0000038e   0x00000000   Code   RO          522    .ARM.Collect$$libshutdown$$00000004  c_w.l(libshutdown2.o)
    0x0000038e   0x0000038e   0x00000000   Code   RO          525    .ARM.Collect$$libshutdown$$00000007  c_w.l(libshutdown2.o)
    0x0000038e   0x0000038e   0x00000000   Code   RO          528    .ARM.Collect$$libshutdown$$0000000A  c_w.l(libshutdown2.o)
    0x0000038e   0x0000038e   0x00000000   Code   RO          530    .ARM.Collect$$libshutdown$$0000000C  c_w.l(libshutdown2.o)
    0x0000038e   0x0000038e   0x00000000   Code   RO          533    .ARM.Collect$$libshutdown$$0000000F  c_w.l(libshutdown2.o)
    0x0000038e   0x0000038e   0x00000002   Code   RO          534    .ARM.Collect$$libshutdown$$00000010  c_w.l(libshutdown2.o)
    0x00000390   0x00000390   0x00000000   Code   RO          218    .ARM.Collect$$rtentry$$00000000  c_w.l(__rtentry.o)
    0x00000390   0x00000390   0x00000000   Code   RO          334    .ARM.Collect$$rtentry$$00000002  c_w.l(__rtentry2.o)
    0x00000390   0x00000390   0x00000006   Code   RO          346    .ARM.Collect$$rtentry$$00000004  c_w.l(__rtentry4.o)
    0x00000396   0x00000396   0x00000000   Code   RO          336    .ARM.Collect$$rtentry$$00000009  c_w.l(__rtentry2.o)
    0x00000396   0x00000396   0x00000004   Code   RO          337    .ARM.Collect$$rtentry$$0000000A  c_w.l(__rtentry2.o)
    0x0000039a   0x0000039a   0x00000000   Code   RO          339    .ARM.Collect$$rtentry$$0000000C  c_w.l(__rtentry2.o)
    0x0000039a   0x0000039a   0x00000008   Code   RO          340    .ARM.Collect$$rtentry$$0000000D  c_w.l(__rtentry2.o)
    0x000003a2   0x000003a2   0x00000002   Code   RO          426    .ARM.Collect$$rtexit$$00000000  c_w.l(rtexit.o)
    0x000003a4   0x000003a4   0x00000000   Code   RO          483    .ARM.Collect$$rtexit$$00000002  c_w.l(rtexit2.o)
    0x000003a4   0x000003a4   0x00000004   Code   RO          484    .ARM.Collect$$rtexit$$00000003  c_w.l(rtexit2.o)
    0x000003a8   0x000003a8   0x00000006   Code   RO          485    .ARM.Collect$$rtexit$$00000004  c_w.l(rtexit2.o)
    0x000003ae   0x000003ae   0x00000002   PAD
    0x000003b0   0x000003b0   0x00000030   Code   RO            4    .text               startup.o
    0x000003e0   0x000003e0   0x0000002c   Code   RO          188    .text               c_w.l(sprintf.o)
    0x0000040c   0x0000040c   0x00000048   Code   RO          190    .text               c_w.l(strcpy.o)
    0x00000454   0x00000454   0x00000006   Code   RO          192    .text               c_w.l(heapauxi.o)
    0x0000045a   0x0000045a   0x0000004e   Code   RO          221    .text               c_w.l(_printf_pad.o)
    0x000004a8   0x000004a8   0x00000024   Code   RO          223    .text               c_w.l(_printf_truncate.o)
    0x000004cc   0x000004cc   0x00000052   Code   RO          225    .text               c_w.l(_printf_str.o)
    0x0000051e   0x0000051e   0x00000002   PAD
    0x00000520   0x00000520   0x00000078   Code   RO          227    .text               c_w.l(_printf_dec.o)
    0x00000598   0x00000598   0x00000028   Code   RO          229    .text               c_w.l(_printf_charcount.o)
    0x000005c0   0x000005c0   0x00000030   Code   RO          231    .text               c_w.l(_printf_char_common.o)
    0x000005f0   0x000005f0   0x0000000a   Code   RO          233    .text               c_w.l(_sputc.o)
    0x000005fa   0x000005fa   0x00000002   PAD
    0x000005fc   0x000005fc   0x000000bc   Code   RO          235    .text               c_w.l(_printf_wctomb.o)
    0x000006b8   0x000006b8   0x0000007c   Code   RO          238    .text               c_w.l(_printf_longlong_dec.o)
    0x00000734   0x00000734   0x00000070   Code   RO          244    .text               c_w.l(_printf_oct_int_ll.o)
    0x000007a4   0x000007a4   0x00000094   Code   RO          264    .text               c_w.l(_printf_hex_int_ll_ptr.o)
    0x00000838   0x00000838   0x00000188   Code   RO          284    .text               c_w.l(__printf_flags_ss_wp.o)
    0x000009c0   0x000009c0   0x0000008a   Code   RO          348    .text               c_w.l(lludiv10.o)
    0x00000a4a   0x00000a4a   0x000000b2   Code   RO          350    .text               c_w.l(_printf_intcommon.o)
    0x00000afc   0x00000afc   0x0000041c   Code   RO          352    .text               c_w.l(_printf_fp_dec.o)
    0x00000f18   0x00000f18   0x000002fc   Code   RO          356    .text               c_w.l(_printf_fp_hex.o)
    0x00001214   0x00001214   0x0000002c   Code   RO          361    .text               c_w.l(_printf_char.o)
    0x00001240   0x00001240   0x0000002c   Code   RO          363    .text               c_w.l(_printf_wchar.o)
    0x0000126c   0x0000126c   0x00000048   Code   RO          366    .text               c_w.l(_c16rtomb.o)
    0x000012b4   0x000012b4   0x0000004a   Code   RO          370    .text               c_w.l(sys_stackheap_outer.o)
    0x000012fe   0x000012fe   0x00000002   PAD
    0x00001300   0x00001300   0x00000010   Code   RO          372    .text               c_w.l(rt_ctype_table.o)
    0x00001310   0x00001310   0x00000008   Code   RO          377    .text               c_w.l(rt_locale_intlibspace.o)
    0x00001318   0x00001318   0x00000080   Code   RO          379    .text               c_w.l(_printf_fp_infnan.o)
    0x00001398   0x00001398   0x000000e4   Code   RO          381    .text               c_w.l(bigflt0.o)
    0x0000147c   0x0000147c   0x00000012   Code   RO          411    .text               c_w.l(exit.o)
    0x0000148e   0x0000148e   0x00000002   PAD
    0x00001490   0x00001490   0x00000008   Code   RO          423    .text               c_w.l(libspace.o)
    0x00001498   0x00001498   0x0000007c   Code   RO          433    .text               c_w.l(strcmpv7em.o)
    0x00001514   0x00001514   0x0000000c   Code   RO          495    .text               c_w.l(sys_exit.o)
    0x00001520   0x00001520   0x00000002   Code   RO          510    .text               c_w.l(use_no_semi.o)
    0x00001522   0x00001522   0x00000000   Code   RO          512    .text               c_w.l(indicate_semi.o)
    0x00001522   0x00001522   0x00000002   PAD
    0x00001524   0x00001524   0x0000011a   Code   RO           60    .text.BTN_Init      buttonled.o
    0x0000163e   0x0000163e   0x00000002   PAD
    0x00001640   0x00001640   0x00000048   Code   RO           71    .text.DELAY_1MS     util.o
    0x00001688   0x00001688   0x00000086   Code   RO          177    .text.Detect_Color  tcs34727.o
    0x0000170e   0x0000170e   0x00000002   PAD
    0x00001710   0x00001710   0x000000aa   Code   RO           22    .text.I2C0_Init     i2c.o
    0x000017ba   0x000017ba   0x00000002   PAD
    0x000017bc   0x000017bc   0x000000ba   Code   RO           24    .text.I2C0_Receive  i2c.o
    0x00001876   0x00001876   0x00000002   PAD
    0x00001878   0x00001878   0x000000ce   Code   RO           26    .text.I2C0_Transmit  i2c.o
    0x00001946   0x00001946   0x00000002   PAD
    0x00001948   0x00001948   0x0000009c   Code   RO           58    .text.LED_Init      buttonled.o
    0x000019e4   0x000019e4   0x0000004a   Code   RO          138    .text.Module_Test   moduletest.o
    0x00001a2e   0x00001a2e   0x00000002   PAD
    0x00001a30   0x00001a30   0x0000003e   Code   RO          173    .text.TCS34727_GET_RAW_BLUE  tcs34727.o
    0x00001a6e   0x00001a6e   0x00000002   PAD
    0x00001a70   0x00001a70   0x0000003e   Code   RO          167    .text.TCS34727_GET_RAW_CLEAR  tcs34727.o
    0x00001aae   0x00001aae   0x00000002   PAD
    0x00001ab0   0x00001ab0   0x0000003e   Code   RO          171    .text.TCS34727_GET_RAW_GREEN  tcs34727.o
    0x00001aee   0x00001aee   0x00000002   PAD
    0x00001af0   0x00001af0   0x0000003e   Code   RO          169    .text.TCS34727_GET_RAW_RED  tcs34727.o
    0x00001b2e   0x00001b2e   0x00000002   PAD
    0x00001b30   0x00001b30   0x000000c4   Code   RO          175    .text.TCS34727_GET_RGB  tcs34727.o
    0x00001bf4   0x00001bf4   0x0000013e   Code   RO          165    .text.TCS34727_Init  tcs34727.o
    0x00001d32   0x00001d32   0x00000002   PAD
    0x00001d34   0x00001d34   0x0000006c   Code   RO          148    .text.Test_Full_System  moduletest.o
    0x00001da0   0x00001da0   0x00000002   Code   RO          146    .text.Test_LCD      moduletest.o
    0x00001da2   0x00001da2   0x00000002   PAD
    0x00001da4   0x00001da4   0x0000000a   Code   RO          140    .text.Test_MPU6050  moduletest.o
    0x00001dae   0x00001dae   0x00000002   PAD
    0x00001db0   0x00001db0   0x00000002   Code   RO          144    .text.Test_Servo    moduletest.o
    0x00001db2   0x00001db2   0x00000002   PAD
    0x00001db4   0x00001db4   0x00000108   Code   RO          142    .text.Test_TCS34727  moduletest.o
    0x00001ebc   0x00001ebc   0x0000009c   Code   RO           39    .text.UART0_Init    uart0.o
    0x00001f58   0x00001f58   0x00000010   Code   RO           41    .text.UART0_OutCRLF  uart0.o
    0x00001f68   0x00001f68   0x0000002e   Code   RO           43    .text.UART0_OutChar  uart0.o
    0x00001f96   0x00001f96   0x00000002   PAD
    0x00001f98   0x00001f98   0x00000026   Code   RO           47    .text.UART0_OutString  uart0.o
    0x00001fbe   0x00001fbe   0x00000002   PAD
    0x00001fc0   0x00001fc0   0x00000064   Code   RO           69    .text.WTIMER0_Init  util.o
    0x00002024   0x00002024   0x00000036   Code   RO           13    .text.main          i2ctestmain.o
    0x0000205a   0x0000205a   0x0000003e   Code   RO          384    CL$$btod_d2e        c_w.l(btod.o)
    0x00002098   0x00002098   0x00000046   Code   RO          386    CL$$btod_d2e_denorm_low  c_w.l(btod.o)
    0x000020de   0x000020de   0x00000060   Code   RO          385    CL$$btod_d2e_norm_op1  c_w.l(btod.o)
    0x0000213e   0x0000213e   0x00000002   PAD
    0x00002140   0x00002140   0x00000338   Code   RO          394    CL$$btod_div_common  c_w.l(btod.o)
    0x00002478   0x00002478   0x000000dc   Code   RO          391    CL$$btod_e2e        c_w.l(btod.o)
    0x00002554   0x00002554   0x0000002a   Code   RO          388    CL$$btod_ediv       c_w.l(btod.o)
    0x0000257e   0x0000257e   0x0000002a   Code   RO          387    CL$$btod_emul       c_w.l(btod.o)
    0x000025a8   0x000025a8   0x00000244   Code   RO          393    CL$$btod_mult_common  c_w.l(btod.o)
    0x000027ec   0x000027ec   0x00000028   Code   RO          421    i.__ARM_fpclassify  m_ws.l(fpclassify.o)
    0x00002814   0x00002814   0x0000000e   Code   RO          277    i._is_digit         c_w.l(__printf_wp.o)
    0x00002822   0x00002822   0x00000002   PAD
    0x00002824   0x00002824   0x0000002c   Code   RO          409    locale$$code        c_w.l(lc_numeric_c.o)
    0x00002850   0x00002850   0x0000002c   Code   RO          431    locale$$code        c_w.l(lc_ctype_c.o)
    0x0000287c   0x0000287c   0x00000062   Code   RO          196    x$fpl$d2f           fz_ws.l(d2f.o)
    0x000028de   0x000028de   0x00000002   PAD
    0x000028e0   0x000028e0   0x00000154   Code   RO          202    x$fpl$dmul          fz_ws.l(dmul.o)
    0x00002a34   0x00002a34   0x0000009c   Code   RO          310    x$fpl$dnaninf       fz_ws.l(dnaninf.o)
    0x00002ad0   0x00002ad0   0x0000000c   Code   RO          312    x$fpl$dretinf       fz_ws.l(dretinf.o)
    0x00002adc   0x00002adc   0x00000056   Code   RO          204    x$fpl$f2d           fz_ws.l(f2d.o)
    0x00002b32   0x00002b32   0x00000054   Code   RO          206    x$fpl$fcmp          fz_ws.l(fcmp.o)
    0x00002b86   0x00002b86   0x00000018   Code   RO          368    x$fpl$fcmpinf       fz_ws.l(fcmpi.o)
    0x00002b9e   0x00002b9e   0x00000002   PAD
    0x00002ba0   0x00002ba0   0x00000184   Code   RO          209    x$fpl$fdiv          fz_ws.l(fdiv.o)
    0x00002d24   0x00002d24   0x00000068   Code   RO          314    x$fpl$feqf          fz_ws.l(feqf.o)
    0x00002d8c   0x00002d8c   0x00000026   Code   RO          212    x$fpl$ffltu         fz_ws.l(fflt_clz.o)
    0x00002db2   0x00002db2   0x00000002   PAD
    0x00002db4   0x00002db4   0x00000068   Code   RO          316    x$fpl$fgeqf         fz_ws.l(fgeqf.o)
    0x00002e1c   0x00002e1c   0x00000068   Code   RO          318    x$fpl$fleqf         fz_ws.l(fleqf.o)
    0x00002e84   0x00002e84   0x0000008c   Code   RO          320    x$fpl$fnaninf       fz_ws.l(fnaninf.o)
    0x00002f10   0x00002f10   0x0000000a   Code   RO          322    x$fpl$fretinf       fz_ws.l(fretinf.o)
    0x00002f1a   0x00002f1a   0x00000004   Code   RO          324    x$fpl$printf1       fz_ws.l(printf1.o)
    0x00002f1e   0x00002f1e   0x00000004   Code   RO          326    x$fpl$printf2       fz_ws.l(printf2.o)
    0x00002f22   0x00002f22   0x00000000   Code   RO          332    x$fpl$usenofp       fz_ws.l(usenofp.o)
    0x00002f22   0x00002f22   0x00000002   PAD
    0x00002f24   0x00002f24   0x00000008   Data   RO          236    .constdata          c_w.l(_printf_wctomb.o)
    0x00002f2c   0x00002f2c   0x00000028   Data   RO          265    .constdata          c_w.l(_printf_hex_int_ll_ptr.o)
    0x00002f54   0x00002f54   0x00000011   Data   RO          285    .constdata          c_w.l(__printf_flags_ss_wp.o)
    0x00002f65   0x00002f65   0x00000026   Data   RO          357    .constdata          c_w.l(_printf_fp_hex.o)
    0x00002f8b   0x00002f8b   0x00000001   PAD
    0x00002f8c   0x00002f8c   0x00000094   Data   RO          382    .constdata          c_w.l(bigflt0.o)
    0x00003020   0x00003020   0x00000036   Data   RO          154    .rodata.str1.1      moduletest.o
    0x00003056   0x00003056   0x000000da   Data   RO          179    .rodata.str1.1      tcs34727.o
    0x00003130   0x00003130   0x00000010   Data   RO          568    Region$$Table       anon$$obj.o
    0x00003140   0x00003140   0x0000001c   Data   RO          408    locale$$data        c_w.l(lc_numeric_c.o)
    0x0000315c   0x0000315c   0x00000110   Data   RO          430    locale$$data        c_w.l(lc_ctype_c.o)


    Execution Region ER_RW (Exec base: 0x20000000, Load base: 0x0000326c, Size: 0x00000000, Max: 0xffffffff, ABSOLUTE)

    **** No section assigned to this execution region ****


    Execution Region ER_ZI (Exec base: 0x20000000, Load base: 0x0000326c, Size: 0x000004a0, Max: 0xffffffff, ABSOLUTE)

    Exec Addr    Load Addr    Size         Type   Attr      Idx    E Section Name        Object

    0x20000000        -       0x00000060   Zero   RW          424    .bss                c_w.l(libspace.o)
    0x20000060        -       0x0000000c   Zero   RW          153    .bss.Angle_Instance  moduletest.o
    0x2000006c        -       0x00000014   Zero   RW          156    .bss.angleBuf       moduletest.o
    0x20000080        -       0x00000014   Zero   RW          157    .bss.colorBuf       moduletest.o
    0x20000094        -       0x00000006   Zero   RW          155    .bss.colorString    moduletest.o
    0x2000009a   0x0000326c   0x00000006   PAD
    0x200000a0        -       0x00000000   Zero   RW            2    HEAP                startup.o
    0x200000a0        -       0x00000400   Zero   RW            1    STACK               startup.o


==============================================================================

Image component sizes


      Code (inc. data)   RO Data    RW Data    ZI Data      Debug   Object Name

       438          0          0          0          0        598   buttonled.o
       562          0          0          0          0       1788   i2c.o
        54          0          0          0          0        595   i2ctestmain.o
       460         12         54          0         58       2638   moduletest.o
       692        632          0          0       1024        956   startup.o
       896          0        218          0          0       2731   tcs34727.o
       256          0          0          0          0       1320   uart0.o
       172          0          0          0          0       1014   util.o

    ----------------------------------------------------------------------
      3562        644        288          0       1088      11640   Object Totals
         0          0         16          0          0          0   (incl. Generated)
        32          0          0          0          6          0   (incl. Padding)

    ----------------------------------------------------------------------

      Code (inc. data)   RO Data    RW Data    ZI Data      Debug   Library Member Name

         8          0          0          0          0         68   __main.o
       392          4         17          0          0         92   __printf_flags_ss_wp.o
        14          0          0          0          0         68   __printf_wp.o
         0          0          0          0          0          0   __rtentry.o
        12          0          0          0          0          0   __rtentry2.o
         6          0          0          0          0          0   __rtentry4.o
        52          8          0          0          0          0   __scatter.o
        28          0          0          0          0          0   __scatter_zi.o
        72          0          0          0          0         96   _c16rtomb.o
         6          0          0          0          0          0   _printf_a.o
         6          0          0          0          0          0   _printf_c.o
        44          0          0          0          0        108   _printf_char.o
        48          6          0          0          0         96   _printf_char_common.o
        40          0          0          0          0         68   _printf_charcount.o
         6          0          0          0          0          0   _printf_d.o
       120         16          0          0          0         92   _printf_dec.o
         6          0          0          0          0          0   _printf_e.o
         6          0          0          0          0          0   _printf_f.o
      1052          0          0          0          0        148   _printf_fp_dec.o
       764          8         38          0          0        100   _printf_fp_hex.o
       128         16          0          0          0         84   _printf_fp_infnan.o
         6          0          0          0          0          0   _printf_g.o
       148          4         40          0          0        160   _printf_hex_int_ll_ptr.o
         6          0          0          0          0          0   _printf_i.o
       178          0          0          0          0         88   _printf_intcommon.o
        10          0          0          0          0          0   _printf_l.o
         6          0          0          0          0          0   _printf_lc.o
        10          0          0          0          0          0   _printf_ll.o
         6          0          0          0          0          0   _printf_lld.o
         6          0          0          0          0          0   _printf_lli.o
         6          0          0          0          0          0   _printf_llo.o
         6          0          0          0          0          0   _printf_llu.o
         6          0          0          0          0          0   _printf_llx.o
       124         16          0          0          0         92   _printf_longlong_dec.o
         6          0          0          0          0          0   _printf_ls.o
         6          0          0          0          0          0   _printf_n.o
         6          0          0          0          0          0   _printf_o.o
       112          8          0          0          0        124   _printf_oct_int_ll.o
         6          0          0          0          0          0   _printf_p.o
        78          0          0          0          0        108   _printf_pad.o
         0          0          0          0          0          0   _printf_percent.o
         4          0          0          0          0          0   _printf_percent_end.o
         6          0          0          0          0          0   _printf_s.o
        82          0          0          0          0         80   _printf_str.o
        36          0          0          0          0         84   _printf_truncate.o
         6          0          0          0          0          0   _printf_u.o
        44          0          0          0          0        108   _printf_wchar.o
       188          6          8          0          0         92   _printf_wctomb.o
         6          0          0          0          0          0   _printf_x.o
        10          0          0          0          0         68   _sputc.o
       228          4        148          0          0         96   bigflt0.o
      1936        128          0          0          0        668   btod.o
        18          0          0          0          0         80   exit.o
         6          0          0          0          0        152   heapauxi.o
         0          0          0          0          0          0   indicate_semi.o
        44         10        272          0          0         76   lc_ctype_c.o
        44         10         28          0          0         76   lc_numeric_c.o
         2          0          0          0          0          0   libinit.o
        30          0          0          0          0          0   libinit2.o
         2          0          0          0          0          0   libshutdown.o
         2          0          0          0          0          0   libshutdown2.o
         8          4          0          0         96         68   libspace.o
       138          0          0          0          0         80   lludiv10.o
        16          4          0          0          0         76   rt_ctype_table.o
         8          4          0          0          0         68   rt_locale_intlibspace.o
         2          0          0          0          0          0   rtexit.o
        10          0          0          0          0          0   rtexit2.o
        44          6          0          0          0         84   sprintf.o
       124          0          0          0          0         88   strcmpv7em.o
        72          0          0          0          0         80   strcpy.o
        12          4          0          0          0         68   sys_exit.o
        74          0          0          0          0         80   sys_stackheap_outer.o
         2          0          0          0          0         68   use_no_semi.o
        98          4          0          0          0         92   d2f.o
       340         12          0          0          0        104   dmul.o
       156          4          0          0          0         92   dnaninf.o
        12          0          0          0          0         68   dretinf.o
        86          4          0          0          0         84   f2d.o
        84          0          0          0          0        196   fcmp.o
        24          0          0          0          0         68   fcmpi.o
       388         76          0          0          0         96   fdiv.o
       104          4          0          0          0         84   feqf.o
        38          0          0          0          0         68   fflt_clz.o
       104          4          0          0          0         84   fgeqf.o
       104          4          0          0          0         84   fleqf.o
       140          4          0          0          0         84   fnaninf.o
        10          0          0          0          0         68   fretinf.o
         4          0          0          0          0         68   printf1.o
         4          0          0          0          0         68   printf2.o
         0          0          0          0          0          0   usenofp.o
        40          0          0          0          0         68   fpclassify.o

    ----------------------------------------------------------------------
      8506        382        552          0         96       5408   Library Totals
        24          0          1          0          0          0   (incl. Padding)

    ----------------------------------------------------------------------

      Code (inc. data)   RO Data    RW Data    ZI Data      Debug   Library Name

      6746        266        551          0         96       3932   c_w.l
      1696        116          0          0          0       1408   fz_ws.l
        40          0          0          0          0         68   m_ws.l

    ----------------------------------------------------------------------
      8506        382        552          0         96       5408   Library Totals

    ----------------------------------------------------------------------

==============================================================================


      Code (inc. data)   RO Data    RW Data    ZI Data      Debug   

     12068       1026        840          0       1184      13944   Grand Totals
     12068       1026        840          0       1184      13944   ELF Image Totals
     12068       1026        840          0          0          0   ROM Totals

==============================================================================

    Total RO  Size (Code + RO Data)                12908 (  12.61kB)
    Total RW  Size (RW Data + ZI Data)              1184 (   1.16kB)
    Total ROM Size (Code + RO Data + RW Data)      12908 (  12.61kB)

==============================================================================

